[0.008s] Invoking command in '/home/laszlo-koroleff/projects/QuadCode_ws/build/quad_navigation': CMAKE_PREFIX_PATH=${CMAKE_PREFIX_PATH}:/opt/ros/jazzy DEBUGINFOD_URLS=https://debuginfod.ubuntu.com /usr/bin/cmake --build /home/laszlo-koroleff/projects/QuadCode_ws/build/quad_navigation -- -j8 -l8
[0.047s] [ 50%] [32mBuilding CXX object CMakeFiles/nav_node.dir/src/nav_node.cpp.o[0m
[3.490s] [100%] [32m[1mLinking CXX executable nav_node[0m
[3.668s] [100%] Built target nav_node
[3.674s] Invoked command in '/home/laszlo-koroleff/projects/QuadCode_ws/build/quad_navigation' returned '0': CMAKE_PREFIX_PATH=${CMAKE_PREFIX_PATH}:/opt/ros/jazzy DEBUGINFOD_URLS=https://debuginfod.ubuntu.com /usr/bin/cmake --build /home/laszlo-koroleff/projects/QuadCode_ws/build/quad_navigation -- -j8 -l8
[3.681s] Invoking command in '/home/laszlo-koroleff/projects/QuadCode_ws/build/quad_navigation': CMAKE_PREFIX_PATH=${CMAKE_PREFIX_PATH}:/opt/ros/jazzy DEBUGINFOD_URLS=https://debuginfod.ubuntu.com /usr/bin/cmake --install /home/laszlo-koroleff/projects/QuadCode_ws/build/quad_navigation
[3.685s] -- Install configuration: ""
[3.685s] -- Execute custom install script
[3.685s] -- Up-to-date symlink: /home/laszlo-koroleff/projects/QuadCode_ws/install/quad_navigation/lib/quad_navigation/nav_node
[3.685s] -- Up-to-date symlink: /home/laszlo-koroleff/projects/QuadCode_ws/install/quad_navigation/share/ament_index/resource_index/package_run_dependencies/quad_navigation
[3.686s] -- Up-to-date symlink: /home/laszlo-koroleff/projects/QuadCode_ws/install/quad_navigation/share/ament_index/resource_index/parent_prefix_path/quad_navigation
[3.686s] -- Up-to-date symlink: /home/laszlo-koroleff/projects/QuadCode_ws/install/quad_navigation/share/quad_navigation/environment/ament_prefix_path.sh
[3.686s] -- Up-to-date symlink: /home/laszlo-koroleff/projects/QuadCode_ws/install/quad_navigation/share/quad_navigation/environment/ament_prefix_path.dsv
[3.686s] -- Up-to-date symlink: /home/laszlo-koroleff/projects/QuadCode_ws/install/quad_navigation/share/quad_navigation/environment/path.sh
[3.686s] -- Up-to-date symlink: /home/laszlo-koroleff/projects/QuadCode_ws/install/quad_navigation/share/quad_navigation/environment/path.dsv
[3.686s] -- Up-to-date symlink: /home/laszlo-koroleff/projects/QuadCode_ws/install/quad_navigation/share/quad_navigation/local_setup.bash
[3.687s] -- Up-to-date symlink: /home/laszlo-koroleff/projects/QuadCode_ws/install/quad_navigation/share/quad_navigation/local_setup.sh
[3.687s] -- Up-to-date symlink: /home/laszlo-koroleff/projects/QuadCode_ws/install/quad_navigation/share/quad_navigation/local_setup.zsh
[3.687s] -- Up-to-date symlink: /home/laszlo-koroleff/projects/QuadCode_ws/install/quad_navigation/share/quad_navigation/local_setup.dsv
[3.687s] -- Symlinking: /home/laszlo-koroleff/projects/QuadCode_ws/install/quad_navigation/share/quad_navigation/package.dsv
[3.692s] -- Up-to-date symlink: /home/laszlo-koroleff/projects/QuadCode_ws/install/quad_navigation/share/ament_index/resource_index/packages/quad_navigation
[3.693s] -- Up-to-date symlink: /home/laszlo-koroleff/projects/QuadCode_ws/install/quad_navigation/share/quad_navigation/cmake/quad_navigationConfig.cmake
[3.693s] -- Up-to-date symlink: /home/laszlo-koroleff/projects/QuadCode_ws/install/quad_navigation/share/quad_navigation/cmake/quad_navigationConfig-version.cmake
[3.693s] -- Up-to-date symlink: /home/laszlo-koroleff/projects/QuadCode_ws/install/quad_navigation/share/quad_navigation/package.xml
[3.694s] Invoked command in '/home/laszlo-koroleff/projects/QuadCode_ws/build/quad_navigation' returned '0': CMAKE_PREFIX_PATH=${CMAKE_PREFIX_PATH}:/opt/ros/jazzy DEBUGINFOD_URLS=https://debuginfod.ubuntu.com /usr/bin/cmake --install /home/laszlo-koroleff/projects/QuadCode_ws/build/quad_navigation
