[0.012s] Invoking command in '/home/laszlo-koroleff/projects/QuadCode_ws/build/quad_navigation': CMAKE_PREFIX_PATH=${CMAKE_PREFIX_PATH}:/opt/ros/jazzy DEBUGINFOD_URLS=https://debuginfod.ubuntu.com /usr/bin/cmake --build /home/laszlo-koroleff/projects/QuadCode_ws/build/quad_navigation -- -j8 -l8
[0.106s] [ 16%] [32mBuilding CXX object CMakeFiles/nav_node.dir/src/nav_node.cpp.o[0m
[0.113s] [ 33%] [32mBuilding CXX object CMakeFiles/pose_node.dir/src/pose_node.cpp.o[0m
[0.113s] [ 66%] Built target tf_node
[3.913s] [ 83%] [32m[1mLinking CXX executable nav_node[0m
[4.137s] [ 83%] Built target nav_node
[6.149s] [100%] [32m[1mLinking CXX executable pose_node[0m
[6.351s] [100%] Built target pose_node
[6.359s] Invoked command in '/home/laszlo-koroleff/projects/QuadCode_ws/build/quad_navigation' returned '0': CMAKE_PREFIX_PATH=${CMAKE_PREFIX_PATH}:/opt/ros/jazzy DEBUGINFOD_URLS=https://debuginfod.ubuntu.com /usr/bin/cmake --build /home/laszlo-koroleff/projects/QuadCode_ws/build/quad_navigation -- -j8 -l8
[6.366s] Invoking command in '/home/laszlo-koroleff/projects/QuadCode_ws/build/quad_navigation': CMAKE_PREFIX_PATH=${CMAKE_PREFIX_PATH}:/opt/ros/jazzy DEBUGINFOD_URLS=https://debuginfod.ubuntu.com /usr/bin/cmake --install /home/laszlo-koroleff/projects/QuadCode_ws/build/quad_navigation
[6.370s] -- Install configuration: ""
[6.371s] -- Execute custom install script
[6.372s] -- Up-to-date symlink: /home/laszlo-koroleff/projects/QuadCode_ws/install/quad_navigation/lib/quad_navigation/nav_node
[6.372s] -- Up-to-date symlink: /home/laszlo-koroleff/projects/QuadCode_ws/install/quad_navigation/lib/quad_navigation/pose_node
[6.372s] -- Up-to-date symlink: /home/laszlo-koroleff/projects/QuadCode_ws/install/quad_navigation/lib/quad_navigation/tf_node
[6.374s] -- Up-to-date symlink: /home/laszlo-koroleff/projects/QuadCode_ws/install/quad_navigation/share/quad_navigation/launch/drone_tf2_demo.xml
[6.374s] -- Up-to-date symlink: /home/laszlo-koroleff/projects/QuadCode_ws/install/quad_navigation/share/ament_index/resource_index/package_run_dependencies/quad_navigation
[6.374s] -- Up-to-date symlink: /home/laszlo-koroleff/projects/QuadCode_ws/install/quad_navigation/share/ament_index/resource_index/parent_prefix_path/quad_navigation
[6.374s] -- Up-to-date symlink: /home/laszlo-koroleff/projects/QuadCode_ws/install/quad_navigation/share/quad_navigation/environment/ament_prefix_path.sh
[6.375s] -- Up-to-date symlink: /home/laszlo-koroleff/projects/QuadCode_ws/install/quad_navigation/share/quad_navigation/environment/ament_prefix_path.dsv
[6.375s] -- Up-to-date symlink: /home/laszlo-koroleff/projects/QuadCode_ws/install/quad_navigation/share/quad_navigation/environment/path.sh
[6.375s] -- Up-to-date symlink: /home/laszlo-koroleff/projects/QuadCode_ws/install/quad_navigation/share/quad_navigation/environment/path.dsv
[6.376s] -- Up-to-date symlink: /home/laszlo-koroleff/projects/QuadCode_ws/install/quad_navigation/share/quad_navigation/local_setup.bash
[6.376s] -- Up-to-date symlink: /home/laszlo-koroleff/projects/QuadCode_ws/install/quad_navigation/share/quad_navigation/local_setup.sh
[6.376s] -- Up-to-date symlink: /home/laszlo-koroleff/projects/QuadCode_ws/install/quad_navigation/share/quad_navigation/local_setup.zsh
[6.376s] -- Up-to-date symlink: /home/laszlo-koroleff/projects/QuadCode_ws/install/quad_navigation/share/quad_navigation/local_setup.dsv
[6.377s] -- Symlinking: /home/laszlo-koroleff/projects/QuadCode_ws/install/quad_navigation/share/quad_navigation/package.dsv
[6.382s] -- Up-to-date symlink: /home/laszlo-koroleff/projects/QuadCode_ws/install/quad_navigation/share/ament_index/resource_index/packages/quad_navigation
[6.382s] -- Up-to-date symlink: /home/laszlo-koroleff/projects/QuadCode_ws/install/quad_navigation/share/quad_navigation/cmake/quad_navigationConfig.cmake
[6.382s] -- Up-to-date symlink: /home/laszlo-koroleff/projects/QuadCode_ws/install/quad_navigation/share/quad_navigation/cmake/quad_navigationConfig-version.cmake
[6.383s] -- Up-to-date symlink: /home/laszlo-koroleff/projects/QuadCode_ws/install/quad_navigation/share/quad_navigation/package.xml
[6.384s] Invoked command in '/home/laszlo-koroleff/projects/QuadCode_ws/build/quad_navigation' returned '0': CMAKE_PREFIX_PATH=${CMAKE_PREFIX_PATH}:/opt/ros/jazzy DEBUGINFOD_URLS=https://debuginfod.ubuntu.com /usr/bin/cmake --install /home/laszlo-koroleff/projects/QuadCode_ws/build/quad_navigation
