[0.013s] Invoking command in '/home/laszlo-koroleff/projects/QuadCode_ws/build/quad_navigation': CMAKE_PREFIX_PATH=${CMAKE_PREFIX_PATH}:/opt/ros/jazzy DEBUGINFOD_URLS=https://debuginfod.ubuntu.com /usr/bin/cmake --build /home/laszlo-koroleff/projects/QuadCode_ws/build/quad_navigation -- -j8 -l8
[0.079s] -- Found ament_cmake: 2.5.6 (/opt/ros/jazzy/share/ament_cmake/cmake)
[0.225s] -- Override CMake install command with custom implementation using symlinks instead of copying resources
[0.244s] -- Found rclcpp: 28.1.21 (/opt/ros/jazzy/share/rclcpp/cmake)
[0.387s] -- Found rosidl_generator_c: 4.6.9 (/opt/ros/jazzy/share/rosidl_generator_c/cmake)
[0.396s] -- Found rosidl_generator_cpp: 4.6.9 (/opt/ros/jazzy/share/rosidl_generator_cpp/cmake)
[0.410s] -- Using all available rosidl_typesupport_c: rosidl_typesupport_fastrtps_c;rosidl_typesupport_introspection_c
[0.425s] -- Using all available rosidl_typesupport_cpp: rosidl_typesupport_fastrtps_cpp;rosidl_typesupport_introspection_cpp
[0.492s] -- Found rmw_implementation_cmake: 7.3.3 (/opt/ros/jazzy/share/rmw_implementation_cmake/cmake)
[0.495s] -- Found rmw_fastrtps_cpp: 8.4.4 (/opt/ros/jazzy/share/rmw_fastrtps_cpp/cmake)
[0.666s] -- Using RMW implementation 'rmw_fastrtps_cpp' as default
[0.797s] -- Found geometry_msgs: 5.3.8 (/opt/ros/jazzy/share/geometry_msgs/cmake)
[0.832s] -- Found ament_lint_auto: 0.17.5 (/opt/ros/jazzy/share/ament_lint_auto/cmake)
[0.905s] -- Added test 'cppcheck' to perform static code analysis on C / C++ code
[0.905s] -- Configured cppcheck include dirs: $<BUILD_INTERFACE:/home/laszlo-koroleff/projects/QuadCode_ws/src/quad_navigation/include>
[0.905s] -- Configured cppcheck exclude dirs and/or files: 
[0.905s] -- Added test 'lint_cmake' to check CMake code style
[0.907s] -- Added test 'uncrustify' to check C / C++ code style
[0.907s] -- Configured uncrustify additional arguments: 
[0.907s] -- Added test 'xmllint' to check XML markup files
[0.910s] -- Configuring done (0.8s)
[0.931s] -- Generating done (0.0s)
[0.937s] -- Build files have been written to: /home/laszlo-koroleff/projects/QuadCode_ws/build/quad_navigation
[0.963s] [ 25%] [32mBuilding CXX object CMakeFiles/pose_node.dir/src/pose_node.cpp.o[0m
[0.997s] [ 50%] [32mBuilding CXX object CMakeFiles/nav_node.dir/src/nav_node.cpp.o[0m
[1.142s] [ 75%] [32m[1mLinking CXX executable nav_node[0m
[1.375s] [ 75%] Built target nav_node
[3.275s] [01m[K/home/laszlo-koroleff/projects/QuadCode_ws/src/quad_navigation/src/pose_node.cpp:92:15:[m[K [01;31m[Kerror: [m[K‘[01m[KSubsciption[m[K’ in namespace ‘[01m[Krclcpp[m[K’ does not name a template type; did you mean ‘[01m[KSubscription[m[K’?
[3.276s]    92 |       rclcpp::[01;31m[KSubsciption[m[K<geometry_msgs::msg::Twist>::SharedPtr velocity_subscriber;
[3.276s]       |               [01;31m[K^~~~~~~~~~~[m[K
[3.276s]       |               [32m[KSubscription[m[K
[3.276s] [01m[K/home/laszlo-koroleff/projects/QuadCode_ws/src/quad_navigation/src/pose_node.cpp:94:45:[m[K [01;31m[Kerror: [m[K‘[01m[KPoseStamped[m[K’ is not a member of ‘[01m[Kgeometry_msgs::msg[m[K’
[3.276s]    94 |       rclcpp::Publisher<geometry_msgs::msg::[01;31m[KPoseStamped[m[K>::SharedPTr pose_publisher_;
[3.276s]       |                                             [01;31m[K^~~~~~~~~~~[m[K
[3.276s] [01m[K/home/laszlo-koroleff/projects/QuadCode_ws/src/quad_navigation/src/pose_node.cpp:94:56:[m[K [01;31m[Kerror: [m[Ktemplate argument 1 is invalid
[3.276s]    94 |       rclcpp::Publisher<geometry_msgs::msg::PoseStamped[01;31m[K>[m[K::SharedPTr pose_publisher_;
[3.276s]       |                                                        [01;31m[K^[m[K
[3.276s] [01m[K/home/laszlo-koroleff/projects/QuadCode_ws/src/quad_navigation/src/pose_node.cpp:94:59:[m[K [01;31m[Kerror: [m[Kexpected ‘[01m[K;[m[K’ at end of member declaration
[3.276s]    94 |       rclcpp::Publisher<geometry_msgs::msg::PoseStamped>::[01;31m[KSharedPTr[m[K pose_publisher_;
[3.276s]       |                                                           [01;31m[K^~~~~~~~~[m[K
[3.276s]       |                                                                    [32m[K;[m[K
[3.276s] [01m[K/home/laszlo-koroleff/projects/QuadCode_ws/src/quad_navigation/src/pose_node.cpp:94:69:[m[K [01;31m[Kerror: [m[K‘[01m[Kpose_publisher_[m[K’ does not name a type; did you mean ‘[01m[Krmw_publisher_t[m[K’?
[3.276s]    94 |       rclcpp::Publisher<geometry_msgs::msg::PoseStamped>::SharedPTr [01;31m[Kpose_publisher_[m[K;
[3.276s]       |                                                                     [01;31m[K^~~~~~~~~~~~~~~[m[K
[3.277s]       |                                                                     [32m[Krmw_publisher_t[m[K
[3.277s] [01m[K/home/laszlo-koroleff/projects/QuadCode_ws/src/quad_navigation/src/pose_node.cpp:97:2:[m[K [01;31m[Kerror: [m[Kexpected ‘[01m[K;[m[K’ after class definition
[3.277s]    97 | }
[3.277s]       |  [01;31m[K^[m[K
[3.277s]       |  [32m[K;[m[K
[3.277s] [01m[K/home/laszlo-koroleff/projects/QuadCode_ws/src/quad_navigation/src/pose_node.cpp:[m[K In constructor ‘[01m[KDroneStateNode::[01;32m[KDroneStateNode[m[K()[m[K’:
[3.277s] [01m[K/home/laszlo-koroleff/projects/QuadCode_ws/src/quad_navigation/src/pose_node.cpp:18:9:[m[K [01;31m[Kerror: [m[K‘[01m[Kvelocity_subscriber[m[K’ was not declared in this scope; did you mean ‘[01m[Kcount_subscribers[m[K’?
[3.278s]    18 |         [01;31m[Kvelocity_subscriber[m[K =
[3.278s]       |         [01;31m[K^~~~~~~~~~~~~~~~~~~[m[K
[3.278s]       |         [32m[Kcount_subscribers[m[K
[3.278s] [01m[K/home/laszlo-koroleff/projects/QuadCode_ws/src/quad_navigation/src/pose_node.cpp:19:17:[m[K [01;31m[Kerror: [m[K‘[01m[Kclass DroneStateNode[m[K’ has no member named ‘[01m[Kcreate_subscriber[m[K’; did you mean ‘[01m[Kcreate_subscription[m[K’?
[3.278s]    19 |           this->[01;31m[Kcreate_subscriber[m[K<geometry_msgs::msg::Twist>(
[3.278s]       |                 [01;31m[K^~~~~~~~~~~~~~~~~[m[K
[3.278s]       |                 [32m[Kcreate_subscription[m[K
[3.279s] [01m[K/home/laszlo-koroleff/projects/QuadCode_ws/src/quad_navigation/src/pose_node.cpp:19:60:[m[K [01;31m[Kerror: [m[Kexpected primary-expression before ‘[01m[K>[m[K’ token
[3.280s]    19 |           this->create_subscriber<geometry_msgs::msg::Twist[01;31m[K>[m[K(
[3.280s]       |                                                            [01;31m[K^[m[K
[3.280s] [01m[K/home/laszlo-koroleff/projects/QuadCode_ws/src/quad_navigation/src/pose_node.cpp:20:13:[m[K [01;35m[Kwarning: [m[Kleft operand of comma operator has no effect [[01;35m[K-Wunused-value[m[K]
[3.280s]    20 |             [01;35m[K"/drone/cmd_vel"[m[K,
[3.280s]       |             [01;35m[K^~~~~~~~~~~~~~~~[m[K
[3.281s] [01m[K/home/laszlo-koroleff/projects/QuadCode_ws/src/quad_navigation/src/pose_node.cpp:25:15:[m[K [01;35m[Kwarning: [m[Kright operand of comma operator has no effect [[01;35m[K-Wunused-value[m[K]
[3.281s]    25 |               [01;35m[K}[m[K
[3.281s]       |               [01;35m[K^[m[K
[3.281s] [01m[K/home/laszlo-koroleff/projects/QuadCode_ws/src/quad_navigation/src/pose_node.cpp:28:9:[m[K [01;31m[Kerror: [m[K‘[01m[Kpose_publisher[m[K’ was not declared in this scope; did you mean ‘[01m[Kcreate_publisher[m[K’?
[3.281s]    28 |         [01;31m[Kpose_publisher[m[K =
[3.281s]       |         [01;31m[K^~~~~~~~~~~~~~[m[K
[3.282s]       |         [32m[Kcreate_publisher[m[K
[3.282s] [01m[K/home/laszlo-koroleff/projects/QuadCode_ws/src/quad_navigation/src/pose_node.cpp:29:54:[m[K [01;31m[Kerror: [m[K‘[01m[KPoseStamped[m[K’ is not a member of ‘[01m[Kgeometry_msgs::msg[m[K’
[3.282s]    29 |           this->create_publisher<geometry_msgs::msg::[01;31m[KPoseStamped[m[K>(
[3.282s]       |                                                      [01;31m[K^~~~~~~~~~~[m[K
[3.282s] [01m[K/home/laszlo-koroleff/projects/QuadCode_ws/src/quad_navigation/src/pose_node.cpp:29:66:[m[K [01;31m[Kerror: [m[Kno matching function for call to ‘[01m[KDroneStateNode::create_publisher<<expression error> >(const char [12], int)[m[K’
[3.283s]    29 |           [01;31m[Kthis->create_publisher<geometry_msgs::msg::PoseStamped>([m[K
[3.283s]       |           [01;31m[K~~~~~~~~~~~~~~~~~~~~~~~~~~~~~~~~~~~~~~~~~~~~~~~~~~~~~~~^[m[K
[3.283s]    30 | [01;31m[K            "/drone/pose",[m[K
[3.283s]       |             [01;31m[K~~~~~~~~~~~~~~[m[K                                        
[3.283s]    31 | [01;31m[K            10[m[K
[3.283s]       |             [01;31m[K~~[m[K                                                    
[3.283s]    32 | [01;31m[K          )[m[K;
[3.284s]       |           [01;31m[K~[m[K                                                       
[3.284s] In file included from [01m[K/opt/ros/jazzy/include/rclcpp/rclcpp/executors/single_threaded_executor.hpp:28[m[K,
[3.284s]                  from [01m[K/opt/ros/jazzy/include/rclcpp/rclcpp/executors.hpp:22[m[K,
[3.284s]                  from [01m[K/opt/ros/jazzy/include/rclcpp/rclcpp/rclcpp.hpp:176[m[K,
[3.284s]                  from [01m[K/home/laszlo-koroleff/projects/QuadCode_ws/src/quad_navigation/src/pose_node.cpp:4[m[K:
[3.284s] [01m[K/opt/ros/jazzy/include/rclcpp/rclcpp/node.hpp:197:3:[m[K [01;36m[Knote: [m[Kcandidate: ‘[01m[Ktemplate<class MessageT, class AllocatorT, class PublisherT> std::shared_ptr<PublisherT> rclcpp::Node::[01;32m[Kcreate_publisher[m[K(const std::string&, const rclcpp::QoS&, const rclcpp::PublisherOptionsWithAllocator<AllocatorT>&)[m[K’
[3.285s]   197 |   [01;36m[Kcreate_publisher[m[K(
[3.285s]       |   [01;36m[K^~~~~~~~~~~~~~~~[m[K
[3.285s] [01m[K/opt/ros/jazzy/include/rclcpp/rclcpp/node.hpp:197:3:[m[K [01;36m[Knote: [m[K  template argument deduction/substitution failed:
[3.285s] [01m[K/home/laszlo-koroleff/projects/QuadCode_ws/src/quad_navigation/src/pose_node.cpp:29:66:[m[K [01;31m[Kerror: [m[Ktemplate argument 1 is invalid
[3.285s]    29 |           [01;31m[Kthis->create_publisher<geometry_msgs::msg::PoseStamped>([m[K
[3.286s]       |           [01;31m[K~~~~~~~~~~~~~~~~~~~~~~~~~~~~~~~~~~~~~~~~~~~~~~~~~~~~~~~^[m[K
[3.286s]    30 | [01;31m[K            "/drone/pose",[m[K
[3.286s]       |             [01;31m[K~~~~~~~~~~~~~~[m[K                                        
[3.286s]    31 | [01;31m[K            10[m[K
[3.286s]       |             [01;31m[K~~[m[K                                                    
[3.286s]    32 | [01;31m[K          )[m[K;
[3.286s]       |           [01;31m[K~[m[K                                                       
[3.287s] In file included from [01m[K/opt/ros/jazzy/include/rclcpp/rclcpp/copy_all_parameter_values.hpp:27[m[K,
[3.287s]                  from [01m[K/opt/ros/jazzy/include/rclcpp/rclcpp/rclcpp.hpp:175[m[K:
[3.287s] [01m[K/home/laszlo-koroleff/projects/QuadCode_ws/src/quad_navigation/src/pose_node.cpp:42:9:[m[K [01;31m[Kerror: [m[Kexpected ‘[01m[K;[m[K’ before ‘[01m[Kdo[m[K’
[3.287s]    42 |         [01;31m[KRCLCPP_INFO[m[K(
[3.288s]       |         [01;31m[K^~~~~~~~~~~[m[K
[3.288s] [01m[K/home/laszlo-koroleff/projects/QuadCode_ws/src/quad_navigation/src/pose_node.cpp:[m[K In member function ‘[01m[Kvoid DroneStateNode::[01;32m[Kupdate_position[m[K()[m[K’:
[3.288s] [01m[K/home/laszlo-koroleff/projects/QuadCode_ws/src/quad_navigation/src/pose_node.cpp:65:27:[m[K [01;31m[Kerror: [m[Kfound ‘[01m[K:[m[K’ in nested-name-specifier, expected ‘[01m[K::[m[K’
[3.288s]    65 |         geometry_msgs::msg[01;31m[K:[m[KPoseStamped obj;
[3.288s]       |                           [01;31m[K^[m[K
[3.288s]       |                           [32m[K::[m[K
[3.288s] [01m[K/home/laszlo-koroleff/projects/QuadCode_ws/src/quad_navigation/src/pose_node.cpp:65:28:[m[K [01;31m[Kerror: [m[K‘[01m[KPoseStamped[m[K’ is not a member of ‘[01m[Kgeometry_msgs::msg[m[K’
[3.289s]    65 |         geometry_msgs::msg:[01;31m[KPoseStamped[m[K obj;
[3.289s]       |                            [01;31m[K^~~~~~~~~~~[m[K
[3.289s] [01m[K/home/laszlo-koroleff/projects/QuadCode_ws/src/quad_navigation/src/pose_node.cpp:67:9:[m[K [01;31m[Kerror: [m[K‘[01m[Kobj[m[K’ was not declared in this scope
[3.289s]    67 |         [01;31m[Kobj[m[K.header.stamp = this->get_clock()->now();
[3.289s]       |         [01;31m[K^~~[m[K
[3.289s] [01m[K/home/laszlo-koroleff/projects/QuadCode_ws/src/quad_navigation/src/pose_node.cpp:71:9:[m[K [01;31m[Kerror: [m[K‘[01m[Kobjpose[m[K’ was not declared in this scope
[3.289s]    71 |         [01;31m[Kobjpose[m[K.position.x = x_;
[3.289s]       |         [01;31m[K^~~~~~~[m[K
[3.290s] [01m[K/home/laszlo-koroleff/projects/QuadCode_ws/src/quad_navigation/src/pose_node.cpp:81:9:[m[K [01;31m[Kerror: [m[K‘[01m[Kpose_publisher_[m[K’ was not declared in this scope; did you mean ‘[01m[Kcount_publishers[m[K’?
[3.290s]    81 |         [01;31m[Kpose_publisher_[m[K->publish(obj);
[3.290s]       |         [01;31m[K^~~~~~~~~~~~~~~[m[K
[3.290s]       |         [32m[Kcount_publishers[m[K
[3.290s] gmake[2]: *** [CMakeFiles/pose_node.dir/build.make:76: CMakeFiles/pose_node.dir/src/pose_node.cpp.o] Error 1
[3.291s] gmake[1]: *** [CMakeFiles/Makefile2:165: CMakeFiles/pose_node.dir/all] Error 2
[3.291s] gmake: *** [Makefile:146: all] Error 2
[3.291s] Invoked command in '/home/laszlo-koroleff/projects/QuadCode_ws/build/quad_navigation' returned '2': CMAKE_PREFIX_PATH=${CMAKE_PREFIX_PATH}:/opt/ros/jazzy DEBUGINFOD_URLS=https://debuginfod.ubuntu.com /usr/bin/cmake --build /home/laszlo-koroleff/projects/QuadCode_ws/build/quad_navigation -- -j8 -l8
