[0.167s] DEBUG:colcon:Command line arguments: ['/usr/bin/colcon', 'build', '--symlink-install']
[0.167s] DEBUG:colcon:Parsed command line arguments: Namespace(log_base=None, log_level=None, verb_name='build', build_base='build', install_base='install', merge_install=False, symlink_install=True, test_result_base=None, continue_on_error=False, executor='parallel', parallel_workers=8, event_handlers=None, ignore_user_meta=False, metas=['./colcon.meta'], base_paths=['.'], packages_ignore=None, packages_ignore_regex=None, paths=None, packages_up_to=None, packages_up_to_regex=None, packages_above=None, packages_above_and_dependencies=None, packages_above_depth=None, packages_select_by_dep=None, packages_skip_by_dep=None, packages_skip_up_to=None, packages_select_build_failed=False, packages_skip_build_finished=False, packages_select_test_failures=False, packages_skip_test_passed=False, packages_select=None, packages_skip=None, packages_select_regex=None, packages_skip_regex=None, packages_start=None, packages_end=None, allow_overriding=[], cmake_args=None, cmake_target=None, cmake_target_skip_unavailable=False, cmake_clean_cache=False, cmake_clean_first=False, cmake_force_configure=False, ament_cmake_args=None, catkin_cmake_args=None, catkin_skip_building_tests=False, mixin_files=None, mixin=None, verb_parser=<colcon_mixin.mixin.mixin_argument.MixinArgumentDecorator object at 0x7fb393e3e990>, verb_extension=<colcon_core.verb.build.BuildVerb object at 0x7fb393e3e630>, main=<bound method BuildVerb.main of <colcon_core.verb.build.BuildVerb object at 0x7fb393e3e630>>, mixin_verb=('build',))
[0.197s] Level 1:colcon.colcon_core.package_discovery:discover_packages(colcon_meta) check parameters
[0.197s] Level 1:colcon.colcon_core.package_discovery:discover_packages(recursive) check parameters
[0.197s] Level 1:colcon.colcon_core.package_discovery:discover_packages(ignore) check parameters
[0.197s] Level 1:colcon.colcon_core.package_discovery:discover_packages(path) check parameters
[0.197s] Level 1:colcon.colcon_core.package_discovery:discover_packages(colcon_meta) discover
[0.197s] Level 1:colcon.colcon_core.package_discovery:discover_packages(recursive) discover
[0.197s] INFO:colcon.colcon_core.package_discovery:Crawling recursively for packages in '/home/laszlo-koroleff/projects/QuadCode_ws'
[0.197s] Level 1:colcon.colcon_core.package_identification:_identify(.) by extensions ['ignore', 'ignore_ament_install']
[0.197s] Level 1:colcon.colcon_core.package_identification:_identify(.) by extension 'ignore'
[0.197s] Level 1:colcon.colcon_core.package_identification:_identify(.) by extension 'ignore_ament_install'
[0.198s] Level 1:colcon.colcon_core.package_identification:_identify(.) by extensions ['colcon_pkg']
[0.198s] Level 1:colcon.colcon_core.package_identification:_identify(.) by extension 'colcon_pkg'
[0.198s] Level 1:colcon.colcon_core.package_identification:_identify(.) by extensions ['colcon_meta']
[0.198s] Level 1:colcon.colcon_core.package_identification:_identify(.) by extension 'colcon_meta'
[0.198s] Level 1:colcon.colcon_core.package_identification:_identify(.) by extensions ['ros']
[0.198s] Level 1:colcon.colcon_core.package_identification:_identify(.) by extension 'ros'
[0.215s] Level 1:colcon.colcon_core.package_identification:_identify(.) by extensions ['cmake', 'python']
[0.215s] Level 1:colcon.colcon_core.package_identification:_identify(.) by extension 'cmake'
[0.215s] Level 1:colcon.colcon_core.package_identification:_identify(.) by extension 'python'
[0.215s] Level 1:colcon.colcon_core.package_identification:_identify(.) by extensions ['python_setup_py']
[0.215s] Level 1:colcon.colcon_core.package_identification:_identify(.) by extension 'python_setup_py'
[0.215s] Level 1:colcon.colcon_core.package_identification:_identify(build) by extensions ['ignore', 'ignore_ament_install']
[0.216s] Level 1:colcon.colcon_core.package_identification:_identify(build) by extension 'ignore'
[0.216s] Level 1:colcon.colcon_core.package_identification:_identify(build) ignored
[0.216s] Level 1:colcon.colcon_core.package_identification:_identify(install) by extensions ['ignore', 'ignore_ament_install']
[0.216s] Level 1:colcon.colcon_core.package_identification:_identify(install) by extension 'ignore'
[0.216s] Level 1:colcon.colcon_core.package_identification:_identify(install) ignored
[0.216s] Level 1:colcon.colcon_core.package_identification:_identify(log) by extensions ['ignore', 'ignore_ament_install']
[0.216s] Level 1:colcon.colcon_core.package_identification:_identify(log) by extension 'ignore'
[0.216s] Level 1:colcon.colcon_core.package_identification:_identify(log) ignored
[0.216s] Level 1:colcon.colcon_core.package_identification:_identify(src) by extensions ['ignore', 'ignore_ament_install']
[0.216s] Level 1:colcon.colcon_core.package_identification:_identify(src) by extension 'ignore'
[0.216s] Level 1:colcon.colcon_core.package_identification:_identify(src) by extension 'ignore_ament_install'
[0.216s] Level 1:colcon.colcon_core.package_identification:_identify(src) by extensions ['colcon_pkg']
[0.216s] Level 1:colcon.colcon_core.package_identification:_identify(src) by extension 'colcon_pkg'
[0.216s] Level 1:colcon.colcon_core.package_identification:_identify(src) by extensions ['colcon_meta']
[0.216s] Level 1:colcon.colcon_core.package_identification:_identify(src) by extension 'colcon_meta'
[0.216s] Level 1:colcon.colcon_core.package_identification:_identify(src) by extensions ['ros']
[0.216s] Level 1:colcon.colcon_core.package_identification:_identify(src) by extension 'ros'
[0.217s] Level 1:colcon.colcon_core.package_identification:_identify(src) by extensions ['cmake', 'python']
[0.217s] Level 1:colcon.colcon_core.package_identification:_identify(src) by extension 'cmake'
[0.217s] Level 1:colcon.colcon_core.package_identification:_identify(src) by extension 'python'
[0.217s] Level 1:colcon.colcon_core.package_identification:_identify(src) by extensions ['python_setup_py']
[0.217s] Level 1:colcon.colcon_core.package_identification:_identify(src) by extension 'python_setup_py'
[0.217s] Level 1:colcon.colcon_core.package_identification:_identify(src/quad_navigation) by extensions ['ignore', 'ignore_ament_install']
[0.217s] Level 1:colcon.colcon_core.package_identification:_identify(src/quad_navigation) by extension 'ignore'
[0.217s] Level 1:colcon.colcon_core.package_identification:_identify(src/quad_navigation) by extension 'ignore_ament_install'
[0.217s] Level 1:colcon.colcon_core.package_identification:_identify(src/quad_navigation) by extensions ['colcon_pkg']
[0.217s] Level 1:colcon.colcon_core.package_identification:_identify(src/quad_navigation) by extension 'colcon_pkg'
[0.217s] Level 1:colcon.colcon_core.package_identification:_identify(src/quad_navigation) by extensions ['colcon_meta']
[0.217s] Level 1:colcon.colcon_core.package_identification:_identify(src/quad_navigation) by extension 'colcon_meta'
[0.217s] Level 1:colcon.colcon_core.package_identification:_identify(src/quad_navigation) by extensions ['ros']
[0.217s] Level 1:colcon.colcon_core.package_identification:_identify(src/quad_navigation) by extension 'ros'
[0.219s] DEBUG:colcon.colcon_core.package_identification:Package 'src/quad_navigation' with type 'ros.ament_cmake' and name 'quad_navigation'
[0.219s] Level 1:colcon.colcon_core.package_discovery:discover_packages(recursive) using defaults
[0.219s] Level 1:colcon.colcon_core.package_discovery:discover_packages(ignore) discover
[0.219s] Level 1:colcon.colcon_core.package_discovery:discover_packages(ignore) using defaults
[0.219s] Level 1:colcon.colcon_core.package_discovery:discover_packages(path) discover
[0.219s] Level 1:colcon.colcon_core.package_discovery:discover_packages(path) using defaults
[0.231s] Level 1:colcon.colcon_core.package_discovery:discover_packages(prefix_path) check parameters
[0.231s] Level 1:colcon.colcon_core.package_discovery:discover_packages(prefix_path) discover
[0.232s] DEBUG:colcon.colcon_installed_package_information.package_discovery:Found 287 installed packages in /opt/ros/jazzy
[0.233s] Level 1:colcon.colcon_core.package_discovery:discover_packages(prefix_path) using defaults
[0.261s] Level 5:colcon.colcon_core.verb:set package 'quad_navigation' build argument 'cmake_args' from command line to 'None'
[0.261s] Level 5:colcon.colcon_core.verb:set package 'quad_navigation' build argument 'cmake_target' from command line to 'None'
[0.261s] Level 5:colcon.colcon_core.verb:set package 'quad_navigation' build argument 'cmake_target_skip_unavailable' from command line to 'False'
[0.261s] Level 5:colcon.colcon_core.verb:set package 'quad_navigation' build argument 'cmake_clean_cache' from command line to 'False'
[0.261s] Level 5:colcon.colcon_core.verb:set package 'quad_navigation' build argument 'cmake_clean_first' from command line to 'False'
[0.261s] Level 5:colcon.colcon_core.verb:set package 'quad_navigation' build argument 'cmake_force_configure' from command line to 'False'
[0.261s] Level 5:colcon.colcon_core.verb:set package 'quad_navigation' build argument 'ament_cmake_args' from command line to 'None'
[0.261s] Level 5:colcon.colcon_core.verb:set package 'quad_navigation' build argument 'catkin_cmake_args' from command line to 'None'
[0.261s] Level 5:colcon.colcon_core.verb:set package 'quad_navigation' build argument 'catkin_skip_building_tests' from command line to 'False'
[0.261s] DEBUG:colcon.colcon_core.verb:Building package 'quad_navigation' with the following arguments: {'ament_cmake_args': None, 'build_base': '/home/laszlo-koroleff/projects/QuadCode_ws/build/quad_navigation', 'catkin_cmake_args': None, 'catkin_skip_building_tests': False, 'cmake_args': None, 'cmake_clean_cache': False, 'cmake_clean_first': False, 'cmake_force_configure': False, 'cmake_target': None, 'cmake_target_skip_unavailable': False, 'install_base': '/home/laszlo-koroleff/projects/QuadCode_ws/install/quad_navigation', 'merge_install': False, 'path': '/home/laszlo-koroleff/projects/QuadCode_ws/src/quad_navigation', 'symlink_install': True, 'test_result_base': None}
[0.261s] INFO:colcon.colcon_core.executor:Executing jobs using 'parallel' executor
[0.262s] DEBUG:colcon.colcon_parallel_executor.executor.parallel:run_until_complete
[0.262s] INFO:colcon.colcon_ros.task.ament_cmake.build:Building ROS package in '/home/laszlo-koroleff/projects/QuadCode_ws/src/quad_navigation' with build type 'ament_cmake'
[0.262s] INFO:colcon.colcon_cmake.task.cmake.build:Building CMake package in '/home/laszlo-koroleff/projects/QuadCode_ws/src/quad_navigation'
[0.264s] INFO:colcon.colcon_core.plugin_system:Skipping extension 'colcon_core.shell.bat': Not used on non-Windows systems
[0.264s] INFO:colcon.colcon_core.shell:Skip shell extension 'powershell' for command environment: Not usable outside of PowerShell
[0.264s] DEBUG:colcon.colcon_core.shell:Skip shell extension 'dsv' for command environment
[0.270s] DEBUG:colcon.colcon_core.event_handler.log_command:Invoking command in '/home/laszlo-koroleff/projects/QuadCode_ws/build/quad_navigation': CMAKE_PREFIX_PATH=${CMAKE_PREFIX_PATH}:/opt/ros/jazzy DEBUGINFOD_URLS=https://debuginfod.ubuntu.com /usr/bin/cmake --build /home/laszlo-koroleff/projects/QuadCode_ws/build/quad_navigation -- -j8 -l8
[3.650s] DEBUG:colcon.colcon_core.event_handler.log_command:Invoked command in '/home/laszlo-koroleff/projects/QuadCode_ws/build/quad_navigation' returned '0': CMAKE_PREFIX_PATH=${CMAKE_PREFIX_PATH}:/opt/ros/jazzy DEBUGINFOD_URLS=https://debuginfod.ubuntu.com /usr/bin/cmake --build /home/laszlo-koroleff/projects/QuadCode_ws/build/quad_navigation -- -j8 -l8
[3.656s] DEBUG:colcon.colcon_core.event_handler.log_command:Invoking command in '/home/laszlo-koroleff/projects/QuadCode_ws/build/quad_navigation': CMAKE_PREFIX_PATH=${CMAKE_PREFIX_PATH}:/opt/ros/jazzy DEBUGINFOD_URLS=https://debuginfod.ubuntu.com /usr/bin/cmake --install /home/laszlo-koroleff/projects/QuadCode_ws/build/quad_navigation
[3.669s] Level 1:colcon.colcon_core.environment:create_environment_scripts_only(quad_navigation)
[3.669s] DEBUG:colcon.colcon_core.event_handler.log_command:Invoked command in '/home/laszlo-koroleff/projects/QuadCode_ws/build/quad_navigation' returned '0': CMAKE_PREFIX_PATH=${CMAKE_PREFIX_PATH}:/opt/ros/jazzy DEBUGINFOD_URLS=https://debuginfod.ubuntu.com /usr/bin/cmake --install /home/laszlo-koroleff/projects/QuadCode_ws/build/quad_navigation
[3.671s] Level 1:colcon.colcon_core.environment:checking '/home/laszlo-koroleff/projects/QuadCode_ws/install/quad_navigation' for CMake module files
[3.671s] Level 1:colcon.colcon_core.environment:checking '/home/laszlo-koroleff/projects/QuadCode_ws/install/quad_navigation' for CMake config files
[3.672s] Level 1:colcon.colcon_core.shell:create_environment_hook('quad_navigation', 'cmake_prefix_path')
[3.672s] INFO:colcon.colcon_core.shell:Creating environment hook '/home/laszlo-koroleff/projects/QuadCode_ws/install/quad_navigation/share/quad_navigation/hook/cmake_prefix_path.ps1'
[3.672s] INFO:colcon.colcon_core.shell:Creating environment descriptor '/home/laszlo-koroleff/projects/QuadCode_ws/install/quad_navigation/share/quad_navigation/hook/cmake_prefix_path.dsv'
[3.673s] INFO:colcon.colcon_core.shell:Creating environment hook '/home/laszlo-koroleff/projects/QuadCode_ws/install/quad_navigation/share/quad_navigation/hook/cmake_prefix_path.sh'
[3.673s] Level 1:colcon.colcon_core.environment:checking '/home/laszlo-koroleff/projects/QuadCode_ws/install/quad_navigation/lib'
[3.673s] Level 1:colcon.colcon_core.environment:checking '/home/laszlo-koroleff/projects/QuadCode_ws/install/quad_navigation/bin'
[3.673s] Level 1:colcon.colcon_core.environment:checking '/home/laszlo-koroleff/projects/QuadCode_ws/install/quad_navigation/lib/pkgconfig/quad_navigation.pc'
[3.674s] Level 1:colcon.colcon_core.environment:checking '/home/laszlo-koroleff/projects/QuadCode_ws/install/quad_navigation/lib/python3.12/site-packages'
[3.674s] Level 1:colcon.colcon_core.environment:checking '/home/laszlo-koroleff/projects/QuadCode_ws/install/quad_navigation/bin'
[3.674s] INFO:colcon.colcon_core.shell:Creating package script '/home/laszlo-koroleff/projects/QuadCode_ws/install/quad_navigation/share/quad_navigation/package.ps1'
[3.675s] INFO:colcon.colcon_core.shell:Creating package descriptor '/home/laszlo-koroleff/projects/QuadCode_ws/install/quad_navigation/share/quad_navigation/package.dsv'
[3.675s] INFO:colcon.colcon_core.shell:Creating package script '/home/laszlo-koroleff/projects/QuadCode_ws/install/quad_navigation/share/quad_navigation/package.sh'
[3.675s] INFO:colcon.colcon_core.shell:Creating package script '/home/laszlo-koroleff/projects/QuadCode_ws/install/quad_navigation/share/quad_navigation/package.bash'
[3.676s] INFO:colcon.colcon_core.shell:Creating package script '/home/laszlo-koroleff/projects/QuadCode_ws/install/quad_navigation/share/quad_navigation/package.zsh'
[3.676s] Level 1:colcon.colcon_core.environment:create_file_with_runtime_dependencies(/home/laszlo-koroleff/projects/QuadCode_ws/install/quad_navigation/share/colcon-core/packages/quad_navigation)
[3.676s] Level 1:colcon.colcon_core.environment:create_environment_scripts_only(quad_navigation)
[3.676s] Level 1:colcon.colcon_core.environment:checking '/home/laszlo-koroleff/projects/QuadCode_ws/install/quad_navigation' for CMake module files
[3.677s] Level 1:colcon.colcon_core.environment:checking '/home/laszlo-koroleff/projects/QuadCode_ws/install/quad_navigation' for CMake config files
[3.677s] Level 1:colcon.colcon_core.shell:create_environment_hook('quad_navigation', 'cmake_prefix_path')
[3.677s] INFO:colcon.colcon_core.shell:Creating environment hook '/home/laszlo-koroleff/projects/QuadCode_ws/install/quad_navigation/share/quad_navigation/hook/cmake_prefix_path.ps1'
[3.677s] INFO:colcon.colcon_core.shell:Creating environment descriptor '/home/laszlo-koroleff/projects/QuadCode_ws/install/quad_navigation/share/quad_navigation/hook/cmake_prefix_path.dsv'
[3.678s] INFO:colcon.colcon_core.shell:Creating environment hook '/home/laszlo-koroleff/projects/QuadCode_ws/install/quad_navigation/share/quad_navigation/hook/cmake_prefix_path.sh'
[3.678s] Level 1:colcon.colcon_core.environment:checking '/home/laszlo-koroleff/projects/QuadCode_ws/install/quad_navigation/lib'
[3.678s] Level 1:colcon.colcon_core.environment:checking '/home/laszlo-koroleff/projects/QuadCode_ws/install/quad_navigation/bin'
[3.678s] Level 1:colcon.colcon_core.environment:checking '/home/laszlo-koroleff/projects/QuadCode_ws/install/quad_navigation/lib/pkgconfig/quad_navigation.pc'
[3.678s] Level 1:colcon.colcon_core.environment:checking '/home/laszlo-koroleff/projects/QuadCode_ws/install/quad_navigation/lib/python3.12/site-packages'
[3.679s] Level 1:colcon.colcon_core.environment:checking '/home/laszlo-koroleff/projects/QuadCode_ws/install/quad_navigation/bin'
[3.679s] INFO:colcon.colcon_core.shell:Creating package script '/home/laszlo-koroleff/projects/QuadCode_ws/install/quad_navigation/share/quad_navigation/package.ps1'
[3.679s] INFO:colcon.colcon_core.shell:Creating package descriptor '/home/laszlo-koroleff/projects/QuadCode_ws/install/quad_navigation/share/quad_navigation/package.dsv'
[3.680s] INFO:colcon.colcon_core.shell:Creating package script '/home/laszlo-koroleff/projects/QuadCode_ws/install/quad_navigation/share/quad_navigation/package.sh'
[3.680s] INFO:colcon.colcon_core.shell:Creating package script '/home/laszlo-koroleff/projects/QuadCode_ws/install/quad_navigation/share/quad_navigation/package.bash'
[3.680s] INFO:colcon.colcon_core.shell:Creating package script '/home/laszlo-koroleff/projects/QuadCode_ws/install/quad_navigation/share/quad_navigation/package.zsh'
[3.681s] Level 1:colcon.colcon_core.environment:create_file_with_runtime_dependencies(/home/laszlo-koroleff/projects/QuadCode_ws/install/quad_navigation/share/colcon-core/packages/quad_navigation)
[3.681s] DEBUG:colcon.colcon_parallel_executor.executor.parallel:closing loop
[3.681s] DEBUG:colcon.colcon_parallel_executor.executor.parallel:loop closed
[3.681s] DEBUG:colcon.colcon_parallel_executor.executor.parallel:run_until_complete finished with '0'
[3.682s] DEBUG:colcon.colcon_core.event_reactor:joining thread
[3.716s] INFO:colcon.colcon_core.plugin_system:Skipping extension 'colcon_notification.desktop_notification.notify_send': Could not find 'notify-send'
[3.716s] INFO:colcon.colcon_core.plugin_system:Skipping extension 'colcon_notification.desktop_notification.terminal_notifier': Not used on non-Darwin systems
[3.716s] INFO:colcon.colcon_core.plugin_system:Skipping extension 'colcon_notification.desktop_notification.win32': Not used on non-Windows systems
[3.716s] INFO:colcon.colcon_notification.desktop_notification:Sending desktop notification using 'notify2'
[3.718s] DEBUG:colcon.colcon_notification.desktop_notification.notify2:Failed to initialize notify2: org.freedesktop.DBus.Error.ServiceUnknown: The name org.freedesktop.Notifications was not provided by any .service files
[3.718s] DEBUG:colcon.colcon_core.event_reactor:joined thread
[3.718s] INFO:colcon.colcon_core.shell:Creating prefix script '/home/laszlo-koroleff/projects/QuadCode_ws/install/local_setup.ps1'
[3.718s] INFO:colcon.colcon_core.shell:Creating prefix util module '/home/laszlo-koroleff/projects/QuadCode_ws/install/_local_setup_util_ps1.py'
[3.719s] INFO:colcon.colcon_core.shell:Creating prefix chain script '/home/laszlo-koroleff/projects/QuadCode_ws/install/setup.ps1'
[3.720s] INFO:colcon.colcon_core.shell:Creating prefix script '/home/laszlo-koroleff/projects/QuadCode_ws/install/local_setup.sh'
[3.720s] INFO:colcon.colcon_core.shell:Creating prefix util module '/home/laszlo-koroleff/projects/QuadCode_ws/install/_local_setup_util_sh.py'
[3.720s] INFO:colcon.colcon_core.shell:Creating prefix chain script '/home/laszlo-koroleff/projects/QuadCode_ws/install/setup.sh'
[3.721s] INFO:colcon.colcon_core.shell:Creating prefix script '/home/laszlo-koroleff/projects/QuadCode_ws/install/local_setup.bash'
[3.721s] INFO:colcon.colcon_core.shell:Creating prefix chain script '/home/laszlo-koroleff/projects/QuadCode_ws/install/setup.bash'
[3.722s] INFO:colcon.colcon_core.shell:Creating prefix script '/home/laszlo-koroleff/projects/QuadCode_ws/install/local_setup.zsh'
[3.722s] INFO:colcon.colcon_core.shell:Creating prefix chain script '/home/laszlo-koroleff/projects/QuadCode_ws/install/setup.zsh'
