[0.008s] Invoking command in '/home/laszlo-koroleff/projects/QuadCode_ws/build/quad_navigation': CMAKE_PREFIX_PATH=${CMAKE_PREFIX_PATH}:/opt/ros/jazzy DEBUGINFOD_URLS=https://debuginfod.ubuntu.com /usr/bin/cmake --build /home/laszlo-koroleff/projects/QuadCode_ws/build/quad_navigation -- -j8 -l8
[0.026s] -- Found ament_cmake: 2.5.6 (/opt/ros/jazzy/share/ament_cmake/cmake)
[0.152s] -- Override CMake install command with custom implementation using symlinks instead of copying resources
[0.158s] -- Found rclcpp: 28.1.21 (/opt/ros/jazzy/share/rclcpp/cmake)
[0.268s] -- Found rosidl_generator_c: 4.6.9 (/opt/ros/jazzy/share/rosidl_generator_c/cmake)
[0.273s] -- Found rosidl_generator_cpp: 4.6.9 (/opt/ros/jazzy/share/rosidl_generator_cpp/cmake)
[0.280s] -- Using all available rosidl_typesupport_c: rosidl_typesupport_fastrtps_c;rosidl_typesupport_introspection_c
[0.288s] -- Using all available rosidl_typesupport_cpp: rosidl_typesupport_fastrtps_cpp;rosidl_typesupport_introspection_cpp
[0.328s] -- Found rmw_implementation_cmake: 7.3.3 (/opt/ros/jazzy/share/rmw_implementation_cmake/cmake)
[0.329s] -- Found rmw_fastrtps_cpp: 8.4.4 (/opt/ros/jazzy/share/rmw_fastrtps_cpp/cmake)
[0.483s] -- Using RMW implementation 'rmw_fastrtps_cpp' as default
[0.611s] -- Found geometry_msgs: 5.3.8 (/opt/ros/jazzy/share/geometry_msgs/cmake)
[0.633s] -- Found ament_lint_auto: 0.17.5 (/opt/ros/jazzy/share/ament_lint_auto/cmake)
[0.694s] -- Added test 'cppcheck' to perform static code analysis on C / C++ code
[0.694s] -- Configured cppcheck include dirs: $<BUILD_INTERFACE:/home/laszlo-koroleff/projects/QuadCode_ws/src/quad_navigation/include>
[0.694s] -- Configured cppcheck exclude dirs and/or files: 
[0.694s] -- Added test 'lint_cmake' to check CMake code style
[0.695s] -- Added test 'uncrustify' to check C / C++ code style
[0.695s] -- Configured uncrustify additional arguments: 
[0.695s] -- Added test 'xmllint' to check XML markup files
[0.696s] -- Configuring done (0.7s)
[0.707s] -- Generating done (0.0s)
[0.711s] -- Build files have been written to: /home/laszlo-koroleff/projects/QuadCode_ws/build/quad_navigation
[0.745s] [ 50%] [32mBuilding CXX object CMakeFiles/nav_node.dir/src/nav_node.cpp.o[0m
[2.905s] [100%] [32m[1mLinking CXX executable nav_node[0m
[3.023s] [100%] Built target nav_node
[3.030s] Invoked command in '/home/laszlo-koroleff/projects/QuadCode_ws/build/quad_navigation' returned '0': CMAKE_PREFIX_PATH=${CMAKE_PREFIX_PATH}:/opt/ros/jazzy DEBUGINFOD_URLS=https://debuginfod.ubuntu.com /usr/bin/cmake --build /home/laszlo-koroleff/projects/QuadCode_ws/build/quad_navigation -- -j8 -l8
[3.036s] Invoking command in '/home/laszlo-koroleff/projects/QuadCode_ws/build/quad_navigation': CMAKE_PREFIX_PATH=${CMAKE_PREFIX_PATH}:/opt/ros/jazzy DEBUGINFOD_URLS=https://debuginfod.ubuntu.com /usr/bin/cmake --install /home/laszlo-koroleff/projects/QuadCode_ws/build/quad_navigation
[3.041s] -- Install configuration: ""
[3.041s] -- Execute custom install script
[3.041s] -- Up-to-date symlink: /home/laszlo-koroleff/projects/QuadCode_ws/install/quad_navigation/lib/quad_navigation/nav_node
[3.041s] -- Up-to-date symlink: /home/laszlo-koroleff/projects/QuadCode_ws/install/quad_navigation/share/ament_index/resource_index/package_run_dependencies/quad_navigation
[3.042s] -- Up-to-date symlink: /home/laszlo-koroleff/projects/QuadCode_ws/install/quad_navigation/share/ament_index/resource_index/parent_prefix_path/quad_navigation
[3.042s] -- Up-to-date symlink: /home/laszlo-koroleff/projects/QuadCode_ws/install/quad_navigation/share/quad_navigation/environment/ament_prefix_path.sh
[3.042s] -- Up-to-date symlink: /home/laszlo-koroleff/projects/QuadCode_ws/install/quad_navigation/share/quad_navigation/environment/ament_prefix_path.dsv
[3.042s] -- Up-to-date symlink: /home/laszlo-koroleff/projects/QuadCode_ws/install/quad_navigation/share/quad_navigation/environment/path.sh
[3.042s] -- Up-to-date symlink: /home/laszlo-koroleff/projects/QuadCode_ws/install/quad_navigation/share/quad_navigation/environment/path.dsv
[3.042s] -- Up-to-date symlink: /home/laszlo-koroleff/projects/QuadCode_ws/install/quad_navigation/share/quad_navigation/local_setup.bash
[3.043s] -- Up-to-date symlink: /home/laszlo-koroleff/projects/QuadCode_ws/install/quad_navigation/share/quad_navigation/local_setup.sh
[3.043s] -- Up-to-date symlink: /home/laszlo-koroleff/projects/QuadCode_ws/install/quad_navigation/share/quad_navigation/local_setup.zsh
[3.043s] -- Up-to-date symlink: /home/laszlo-koroleff/projects/QuadCode_ws/install/quad_navigation/share/quad_navigation/local_setup.dsv
[3.043s] -- Symlinking: /home/laszlo-koroleff/projects/QuadCode_ws/install/quad_navigation/share/quad_navigation/package.dsv
[3.048s] -- Up-to-date symlink: /home/laszlo-koroleff/projects/QuadCode_ws/install/quad_navigation/share/ament_index/resource_index/packages/quad_navigation
[3.048s] -- Up-to-date symlink: /home/laszlo-koroleff/projects/QuadCode_ws/install/quad_navigation/share/quad_navigation/cmake/quad_navigationConfig.cmake
[3.049s] -- Up-to-date symlink: /home/laszlo-koroleff/projects/QuadCode_ws/install/quad_navigation/share/quad_navigation/cmake/quad_navigationConfig-version.cmake
[3.049s] -- Up-to-date symlink: /home/laszlo-koroleff/projects/QuadCode_ws/install/quad_navigation/share/quad_navigation/package.xml
[3.050s] Invoked command in '/home/laszlo-koroleff/projects/QuadCode_ws/build/quad_navigation' returned '0': CMAKE_PREFIX_PATH=${CMAKE_PREFIX_PATH}:/opt/ros/jazzy DEBUGINFOD_URLS=https://debuginfod.ubuntu.com /usr/bin/cmake --install /home/laszlo-koroleff/projects/QuadCode_ws/build/quad_navigation
