[0.008s] Invoking command in '/home/laszlo-koroleff/projects/QuadCode_ws/build/quad_navigation': CMAKE_PREFIX_PATH=${CMAKE_PREFIX_PATH}:/opt/ros/jazzy DEBUGINFOD_URLS=https://debuginfod.ubuntu.com /usr/bin/cmake --build /home/laszlo-koroleff/projects/QuadCode_ws/build/quad_navigation -- -j8 -l8
[0.035s] -- Found ament_cmake: 2.5.6 (/opt/ros/jazzy/share/ament_cmake/cmake)
[0.175s] -- Override CMake install command with custom implementation using symlinks instead of copying resources
[0.194s] -- Found rclcpp: 28.1.21 (/opt/ros/jazzy/share/rclcpp/cmake)
[0.334s] -- Found rosidl_generator_c: 4.6.9 (/opt/ros/jazzy/share/rosidl_generator_c/cmake)
[0.344s] -- Found rosidl_generator_cpp: 4.6.9 (/opt/ros/jazzy/share/rosidl_generator_cpp/cmake)
[0.358s] -- Using all available rosidl_typesupport_c: rosidl_typesupport_fastrtps_c;rosidl_typesupport_introspection_c
[0.373s] -- Using all available rosidl_typesupport_cpp: rosidl_typesupport_fastrtps_cpp;rosidl_typesupport_introspection_cpp
[0.436s] -- Found rmw_implementation_cmake: 7.3.3 (/opt/ros/jazzy/share/rmw_implementation_cmake/cmake)
[0.439s] -- Found rmw_fastrtps_cpp: 8.4.4 (/opt/ros/jazzy/share/rmw_fastrtps_cpp/cmake)
[0.608s] -- Using RMW implementation 'rmw_fastrtps_cpp' as default
[0.766s] -- Found geometry_msgs: 5.3.8 (/opt/ros/jazzy/share/geometry_msgs/cmake)
[0.799s] -- Found ament_lint_auto: 0.17.5 (/opt/ros/jazzy/share/ament_lint_auto/cmake)
[0.871s] -- Added test 'cppcheck' to perform static code analysis on C / C++ code
[0.871s] -- Configured cppcheck include dirs: $<BUILD_INTERFACE:/home/laszlo-koroleff/projects/QuadCode_ws/src/quad_navigation/include>
[0.871s] -- Configured cppcheck exclude dirs and/or files: 
[0.872s] -- Added test 'lint_cmake' to check CMake code style
[0.873s] -- Added test 'uncrustify' to check C / C++ code style
[0.873s] -- Configured uncrustify additional arguments: 
[0.873s] -- Added test 'xmllint' to check XML markup files
[0.876s] -- Configuring done (0.9s)
[0.894s] -- Generating done (0.0s)
[0.898s] -- Build files have been written to: /home/laszlo-koroleff/projects/QuadCode_ws/build/quad_navigation
[0.930s] [ 50%] Built target nav_node
[0.930s] [ 75%] [32mBuilding CXX object CMakeFiles/pose_node.dir/src/pose_node.cpp.o[0m
[1.282s] [01m[K/home/laszlo-koroleff/projects/QuadCode_ws/src/quad_navigation/src/pose_node.cpp:7:2:[m[K [01;31m[Kerror: [m[Kinvalid preprocessing directive #incldue; did you mean #include?
[1.282s]     7 | #[01;31m[Kincldue[m[K "geometry_msgs/msg/PoseStamped.hpp"
[1.282s]       |  [01;31m[K^~~~~~~[m[K
[1.282s]       |  [32m[Kinclude[m[K
[2.521s] [01m[K/home/laszlo-koroleff/projects/QuadCode_ws/src/quad_navigation/src/pose_node.cpp:95:45:[m[K [01;31m[Kerror: [m[K‘[01m[KPoseStamped[m[K’ is not a member of ‘[01m[Kgeometry_msgs::msg[m[K’
[2.521s]    95 |       rclcpp::Publisher<geometry_msgs::msg::[01;31m[KPoseStamped[m[K>::SharedPtr pose_publisher_;
[2.521s]       |                                             [01;31m[K^~~~~~~~~~~[m[K
[2.521s] [01m[K/home/laszlo-koroleff/projects/QuadCode_ws/src/quad_navigation/src/pose_node.cpp:95:56:[m[K [01;31m[Kerror: [m[Ktemplate argument 1 is invalid
[2.522s]    95 |       rclcpp::Publisher<geometry_msgs::msg::PoseStamped[01;31m[K>[m[K::SharedPtr pose_publisher_;
[2.522s]       |                                                        [01;31m[K^[m[K
[2.522s] [01m[K/home/laszlo-koroleff/projects/QuadCode_ws/src/quad_navigation/src/pose_node.cpp:95:59:[m[K [01;31m[Kerror: [m[Kexpected ‘[01m[K;[m[K’ at end of member declaration
[2.522s]    95 |       rclcpp::Publisher<geometry_msgs::msg::PoseStamped>::[01;31m[KSharedPtr[m[K pose_publisher_;
[2.522s]       |                                                           [01;31m[K^~~~~~~~~[m[K
[2.522s]       |                                                                    [32m[K;[m[K
[2.523s] [01m[K/home/laszlo-koroleff/projects/QuadCode_ws/src/quad_navigation/src/pose_node.cpp:95:69:[m[K [01;31m[Kerror: [m[K‘[01m[Kpose_publisher_[m[K’ does not name a type; did you mean ‘[01m[Krmw_publisher_t[m[K’?
[2.523s]    95 |       rclcpp::Publisher<geometry_msgs::msg::PoseStamped>::SharedPtr [01;31m[Kpose_publisher_[m[K;
[2.523s]       |                                                                     [01;31m[K^~~~~~~~~~~~~~~[m[K
[2.523s]       |                                                                     [32m[Krmw_publisher_t[m[K
[2.531s] [01m[K/home/laszlo-koroleff/projects/QuadCode_ws/src/quad_navigation/src/pose_node.cpp:[m[K In constructor ‘[01m[KDroneStateNode::[01;32m[KDroneStateNode[m[K()[m[K’:
[2.531s] [01m[K/home/laszlo-koroleff/projects/QuadCode_ws/src/quad_navigation/src/pose_node.cpp:29:9:[m[K [01;31m[Kerror: [m[K‘[01m[Kpose_publisher_[m[K’ was not declared in this scope; did you mean ‘[01m[Kcount_publishers[m[K’?
[2.531s]    29 |         [01;31m[Kpose_publisher_[m[K =
[2.531s]       |         [01;31m[K^~~~~~~~~~~~~~~[m[K
[2.531s]       |         [32m[Kcount_publishers[m[K
[2.532s] [01m[K/home/laszlo-koroleff/projects/QuadCode_ws/src/quad_navigation/src/pose_node.cpp:30:54:[m[K [01;31m[Kerror: [m[K‘[01m[KPoseStamped[m[K’ is not a member of ‘[01m[Kgeometry_msgs::msg[m[K’
[2.532s]    30 |           this->create_publisher<geometry_msgs::msg::[01;31m[KPoseStamped[m[K>(
[2.532s]       |                                                      [01;31m[K^~~~~~~~~~~[m[K
[2.532s] [01m[K/home/laszlo-koroleff/projects/QuadCode_ws/src/quad_navigation/src/pose_node.cpp:30:66:[m[K [01;31m[Kerror: [m[Kno matching function for call to ‘[01m[KDroneStateNode::create_publisher<<expression error> >(const char [12], int)[m[K’
[2.532s]    30 |           [01;31m[Kthis->create_publisher<geometry_msgs::msg::PoseStamped>([m[K
[2.532s]       |           [01;31m[K~~~~~~~~~~~~~~~~~~~~~~~~~~~~~~~~~~~~~~~~~~~~~~~~~~~~~~~^[m[K
[2.532s]    31 | [01;31m[K            "/drone/pose",[m[K
[2.532s]       |             [01;31m[K~~~~~~~~~~~~~~[m[K                                        
[2.532s]    32 | [01;31m[K            10[m[K
[2.532s]       |             [01;31m[K~~[m[K                                                    
[2.532s]    33 | [01;31m[K          )[m[K;
[2.532s]       |           [01;31m[K~[m[K                                                       
[2.532s] In file included from [01m[K/opt/ros/jazzy/include/rclcpp/rclcpp/executors/single_threaded_executor.hpp:28[m[K,
[2.532s]                  from [01m[K/opt/ros/jazzy/include/rclcpp/rclcpp/executors.hpp:22[m[K,
[2.532s]                  from [01m[K/opt/ros/jazzy/include/rclcpp/rclcpp/rclcpp.hpp:176[m[K,
[2.532s]                  from [01m[K/home/laszlo-koroleff/projects/QuadCode_ws/src/quad_navigation/src/pose_node.cpp:4[m[K:
[2.532s] [01m[K/opt/ros/jazzy/include/rclcpp/rclcpp/node.hpp:197:3:[m[K [01;36m[Knote: [m[Kcandidate: ‘[01m[Ktemplate<class MessageT, class AllocatorT, class PublisherT> std::shared_ptr<PublisherT> rclcpp::Node::[01;32m[Kcreate_publisher[m[K(const std::string&, const rclcpp::QoS&, const rclcpp::PublisherOptionsWithAllocator<AllocatorT>&)[m[K’
[2.532s]   197 |   [01;36m[Kcreate_publisher[m[K(
[2.532s]       |   [01;36m[K^~~~~~~~~~~~~~~~[m[K
[2.532s] [01m[K/opt/ros/jazzy/include/rclcpp/rclcpp/node.hpp:197:3:[m[K [01;36m[Knote: [m[K  template argument deduction/substitution failed:
[2.532s] [01m[K/home/laszlo-koroleff/projects/QuadCode_ws/src/quad_navigation/src/pose_node.cpp:30:66:[m[K [01;31m[Kerror: [m[Ktemplate argument 1 is invalid
[2.532s]    30 |           [01;31m[Kthis->create_publisher<geometry_msgs::msg::PoseStamped>([m[K
[2.533s]       |           [01;31m[K~~~~~~~~~~~~~~~~~~~~~~~~~~~~~~~~~~~~~~~~~~~~~~~~~~~~~~~^[m[K
[2.533s]    31 | [01;31m[K            "/drone/pose",[m[K
[2.533s]       |             [01;31m[K~~~~~~~~~~~~~~[m[K                                        
[2.533s]    32 | [01;31m[K            10[m[K
[2.533s]       |             [01;31m[K~~[m[K                                                    
[2.533s]    33 | [01;31m[K          )[m[K;
[2.533s]       |           [01;31m[K~[m[K                                                       
[2.535s] [01m[K/home/laszlo-koroleff/projects/QuadCode_ws/src/quad_navigation/src/pose_node.cpp:[m[K In member function ‘[01m[Kvoid DroneStateNode::[01;32m[Kupdate_position[m[K()[m[K’:
[2.535s] [01m[K/home/laszlo-koroleff/projects/QuadCode_ws/src/quad_navigation/src/pose_node.cpp:66:29:[m[K [01;31m[Kerror: [m[K‘[01m[KPoseStamped[m[K’ is not a member of ‘[01m[Kgeometry_msgs::msg[m[K’
[2.535s]    66 |         geometry_msgs::msg::[01;31m[KPoseStamped[m[K obj;
[2.535s]       |                             [01;31m[K^~~~~~~~~~~[m[K
[2.537s] [01m[K/home/laszlo-koroleff/projects/QuadCode_ws/src/quad_navigation/src/pose_node.cpp:68:9:[m[K [01;31m[Kerror: [m[K‘[01m[Kobj[m[K’ was not declared in this scope
[2.537s]    68 |         [01;31m[Kobj[m[K.header.stamp = this->get_clock()->now();
[2.537s]       |         [01;31m[K^~~[m[K
[2.542s] [01m[K/home/laszlo-koroleff/projects/QuadCode_ws/src/quad_navigation/src/pose_node.cpp:82:9:[m[K [01;31m[Kerror: [m[K‘[01m[Kpose_publisher_[m[K’ was not declared in this scope; did you mean ‘[01m[Kcount_publishers[m[K’?
[2.542s]    82 |         [01;31m[Kpose_publisher_[m[K->publish(obj);
[2.542s]       |         [01;31m[K^~~~~~~~~~~~~~~[m[K
[2.542s]       |         [32m[Kcount_publishers[m[K
[3.875s] gmake[2]: *** [CMakeFiles/pose_node.dir/build.make:76: CMakeFiles/pose_node.dir/src/pose_node.cpp.o] Error 1
[3.876s] gmake[1]: *** [CMakeFiles/Makefile2:165: CMakeFiles/pose_node.dir/all] Error 2
[3.876s] gmake: *** [Makefile:146: all] Error 2
[3.878s] Invoked command in '/home/laszlo-koroleff/projects/QuadCode_ws/build/quad_navigation' returned '2': CMAKE_PREFIX_PATH=${CMAKE_PREFIX_PATH}:/opt/ros/jazzy DEBUGINFOD_URLS=https://debuginfod.ubuntu.com /usr/bin/cmake --build /home/laszlo-koroleff/projects/QuadCode_ws/build/quad_navigation -- -j8 -l8
