-- Found ament_cmake: 2.5.6 (/opt/ros/jazzy/share/ament_cmake/cmake)
-- Override CMake install command with custom implementation using symlinks instead of copying resources
-- Found rclcpp: 28.1.21 (/opt/ros/jazzy/share/rclcpp/cmake)
-- Found rosidl_generator_c: 4.6.9 (/opt/ros/jazzy/share/rosidl_generator_c/cmake)
-- Found rosidl_generator_cpp: 4.6.9 (/opt/ros/jazzy/share/rosidl_generator_cpp/cmake)
-- Using all available rosidl_typesupport_c: rosidl_typesupport_fastrtps_c;rosidl_typesupport_introspection_c
-- Using all available rosidl_typesupport_cpp: rosidl_typesupport_fastrtps_cpp;rosidl_typesupport_introspection_cpp
-- Found rmw_implementation_cmake: 7.3.3 (/opt/ros/jazzy/share/rmw_implementation_cmake/cmake)
-- Found rmw_fastrtps_cpp: 8.4.4 (/opt/ros/jazzy/share/rmw_fastrtps_cpp/cmake)
-- Using RMW implementation 'rmw_fastrtps_cpp' as default
-- Found geometry_msgs: 5.3.8 (/opt/ros/jazzy/share/geometry_msgs/cmake)
-- Found ament_lint_auto: 0.17.5 (/opt/ros/jazzy/share/ament_lint_auto/cmake)
-- Added test 'cppcheck' to perform static code analysis on C / C++ code
-- Configured cppcheck include dirs: $<BUILD_INTERFACE:/home/laszlo-koroleff/projects/QuadCode_ws/src/quad_navigation/include>
-- Configured cppcheck exclude dirs and/or files: 
-- Added test 'lint_cmake' to check CMake code style
-- Added test 'uncrustify' to check C / C++ code style
-- Configured uncrustify additional arguments: 
-- Added test 'xmllint' to check XML markup files
-- Configuring done (1.0s)
-- Generating done (0.0s)
-- Build files have been written to: /home/laszlo-koroleff/projects/QuadCode_ws/build/quad_navigation
[100%] Built target nav_node
-- Install configuration: ""
-- Execute custom install script
-- Up-to-date symlink: /home/laszlo-koroleff/projects/QuadCode_ws/install/quad_navigation/lib/quad_navigation/nav_node
-- Up-to-date symlink: /home/laszlo-koroleff/projects/QuadCode_ws/install/quad_navigation/share/ament_index/resource_index/package_run_dependencies/quad_navigation
-- Up-to-date symlink: /home/laszlo-koroleff/projects/QuadCode_ws/install/quad_navigation/share/ament_index/resource_index/parent_prefix_path/quad_navigation
-- Up-to-date symlink: /home/laszlo-koroleff/projects/QuadCode_ws/install/quad_navigation/share/quad_navigation/environment/ament_prefix_path.sh
-- Up-to-date symlink: /home/laszlo-koroleff/projects/QuadCode_ws/install/quad_navigation/share/quad_navigation/environment/ament_prefix_path.dsv
-- Up-to-date symlink: /home/laszlo-koroleff/projects/QuadCode_ws/install/quad_navigation/share/quad_navigation/environment/path.sh
-- Up-to-date symlink: /home/laszlo-koroleff/projects/QuadCode_ws/install/quad_navigation/share/quad_navigation/environment/path.dsv
-- Up-to-date symlink: /home/laszlo-koroleff/projects/QuadCode_ws/install/quad_navigation/share/quad_navigation/local_setup.bash
-- Up-to-date symlink: /home/laszlo-koroleff/projects/QuadCode_ws/install/quad_navigation/share/quad_navigation/local_setup.sh
-- Up-to-date symlink: /home/laszlo-koroleff/projects/QuadCode_ws/install/quad_navigation/share/quad_navigation/local_setup.zsh
-- Up-to-date symlink: /home/laszlo-koroleff/projects/QuadCode_ws/install/quad_navigation/share/quad_navigation/local_setup.dsv
-- Symlinking: /home/laszlo-koroleff/projects/QuadCode_ws/install/quad_navigation/share/quad_navigation/package.dsv
-- Up-to-date symlink: /home/laszlo-koroleff/projects/QuadCode_ws/install/quad_navigation/share/ament_index/resource_index/packages/quad_navigation
-- Up-to-date symlink: /home/laszlo-koroleff/projects/QuadCode_ws/install/quad_navigation/share/quad_navigation/cmake/quad_navigationConfig.cmake
-- Up-to-date symlink: /home/laszlo-koroleff/projects/QuadCode_ws/install/quad_navigation/share/quad_navigation/cmake/quad_navigationConfig-version.cmake
-- Up-to-date symlink: /home/laszlo-koroleff/projects/QuadCode_ws/install/quad_navigation/share/quad_navigation/package.xml
