[01m[K/home/laszlo-koroleff/projects/QuadCode_ws/src/quad_navigation/src/nav_node.cpp:13:1:[m[K [01;31m[Kerror: [m[Kexpected class-name before ‘[01m[K{[m[K’ token
   13 | [01;31m[K{[m[K
      | [01;31m[K^[m[K
[01m[K/home/laszlo-koroleff/projects/QuadCode_ws/src/quad_navigation/src/nav_node.cpp:[m[K In constructor ‘[01m[KNavigationNode::[01;32m[KNavigationNode[m[K()[m[K’:
[01m[K/home/laszlo-koroleff/projects/QuadCode_ws/src/quad_navigation/src/nav_node.cpp:16:7:[m[K [01;31m[Kerror: [m[Kclass ‘[01m[KNavigationNode[m[K’ does not have any field named ‘[01m[KNode[m[K’
   16 |     : [01;31m[KNode[m[K("navigation_node")
      |       [01;31m[K^~~~[m[K
[01m[K/home/laszlo-koroleff/projects/QuadCode_ws/src/quad_navigation/src/nav_node.cpp:19:15:[m[K [01;31m[Kerror: [m[K‘[01m[Kclass NavigationNode[m[K’ has no member named ‘[01m[Kcreate_publisher[m[K’
   19 |         this->[01;31m[Kcreate_publisher[m[K<geometry_msgs::msg::Twist>(
      |               [01;31m[K^~~~~~~~~~~~~~~~[m[K
[01m[K/home/laszlo-koroleff/projects/QuadCode_ws/src/quad_navigation/src/nav_node.cpp:19:57:[m[K [01;31m[Kerror: [m[Kexpected primary-expression before ‘[01m[K>[m[K’ token
   19 |         this->create_publisher<geometry_msgs::msg::Twist[01;31m[K>[m[K(
      |                                                         [01;31m[K^[m[K
[01m[K/home/laszlo-koroleff/projects/QuadCode_ws/src/quad_navigation/src/nav_node.cpp:20:11:[m[K [01;35m[Kwarning: [m[Kleft operand of comma operator has no effect [[01;35m[K-Wunused-value[m[K]
   20 |           [01;35m[K"/drone/cmd_vel"[m[K,
      |           [01;35m[K^~~~~~~~~~~~~~~~[m[K
[01m[K/home/laszlo-koroleff/projects/QuadCode_ws/src/quad_navigation/src/nav_node.cpp:24:7:[m[K [01;31m[Kerror: [m[K‘[01m[Ktimer_[m[K’ was not declared in this scope; did you mean ‘[01m[Ktimer_t[m[K’?
   24 |       [01;31m[Ktimer_[m[K = this->create_wall_timer(
      |       [01;31m[K^~~~~~[m[K
      |       [32m[Ktimer_t[m[K
[01m[K/home/laszlo-koroleff/projects/QuadCode_ws/src/quad_navigation/src/nav_node.cpp:24:22:[m[K [01;31m[Kerror: [m[K‘[01m[Kclass NavigationNode[m[K’ has no member named ‘[01m[Kcreate_wall_timer[m[K’
   24 |       timer_ = this->[01;31m[Kcreate_wall_timer[m[K(
      |                      [01;31m[K^~~~~~~~~~~~~~~~~[m[K
In file included from [01m[K/opt/ros/jazzy/include/rclcpp/rclcpp/copy_all_parameter_values.hpp:27[m[K,
                 from [01m[K/opt/ros/jazzy/include/rclcpp/rclcpp/rclcpp.hpp:175[m[K,
                 from [01m[K/home/laszlo-koroleff/projects/QuadCode_ws/src/quad_navigation/src/nav_node.cpp:4[m[K:
[01m[K/home/laszlo-koroleff/projects/QuadCode_ws/src/quad_navigation/src/nav_node.cpp:33:15:[m[K [01;31m[Kerror: [m[K‘[01m[Kclass NavigationNode[m[K’ has no member named ‘[01m[Kget_logger[m[K’
   33 |         this->[01;31m[Kget_logger[m[K(),
      |               [01;31m[K^~~~~~~~~~[m[K
[01m[K/home/laszlo-koroleff/projects/QuadCode_ws/src/quad_navigation/src/nav_node.cpp:33:15:[m[K [01;31m[Kerror: [m[K‘[01m[Kclass NavigationNode[m[K’ has no member named ‘[01m[Kget_logger[m[K’
[01m[K/home/laszlo-koroleff/projects/QuadCode_ws/src/quad_navigation/src/nav_node.cpp:32:7:[m[K [01;31m[Kerror: [m[Ktemplate argument 1 is invalid
   32 |       [01;31m[KRCLCPP_INFO[m[K(
      |       [01;31m[K^~~~~~~~~~~[m[K
In file included from [01m[K/opt/ros/jazzy/include/rclcpp/rclcpp/logging.hpp:24[m[K:
[01m[K/home/laszlo-koroleff/projects/QuadCode_ws/src/quad_navigation/src/nav_node.cpp:33:15:[m[K [01;31m[Kerror: [m[K‘[01m[Kclass NavigationNode[m[K’ has no member named ‘[01m[Kget_logger[m[K’
   33 |         this->[01;31m[Kget_logger[m[K(),
      |               [01;31m[K^~~~~~~~~~[m[K
[01m[K/home/laszlo-koroleff/projects/QuadCode_ws/src/quad_navigation/src/nav_node.cpp:33:15:[m[K [01;31m[Kerror: [m[K‘[01m[Kclass NavigationNode[m[K’ has no member named ‘[01m[Kget_logger[m[K’
   33 |         this->[01;31m[Kget_logger[m[K(),
      |               [01;31m[K^~~~~~~~~~[m[K
[01m[K/home/laszlo-koroleff/projects/QuadCode_ws/src/quad_navigation/src/nav_node.cpp:[m[K In member function ‘[01m[Kvoid NavigationNode::[01;32m[Kpublish_velocity_command[m[K()[m[K’:
[01m[K/home/laszlo-koroleff/projects/QuadCode_ws/src/quad_navigation/src/nav_node.cpp:54:13:[m[K [01;31m[Kerror: [m[K‘[01m[Kclass NavigationNode[m[K’ has no member named ‘[01m[Kget_logger[m[K’
   54 |       this->[01;31m[Kget_logger[m[K(),
      |             [01;31m[K^~~~~~~~~~[m[K
[01m[K/home/laszlo-koroleff/projects/QuadCode_ws/src/quad_navigation/src/nav_node.cpp:54:13:[m[K [01;31m[Kerror: [m[K‘[01m[Kclass NavigationNode[m[K’ has no member named ‘[01m[Kget_logger[m[K’
[01m[K/home/laszlo-koroleff/projects/QuadCode_ws/src/quad_navigation/src/nav_node.cpp:53:5:[m[K [01;31m[Kerror: [m[Ktemplate argument 1 is invalid
   53 |     [01;31m[KRCLCPP_INFO[m[K(
      |     [01;31m[K^~~~~~~~~~~[m[K
[01m[K/home/laszlo-koroleff/projects/QuadCode_ws/src/quad_navigation/src/nav_node.cpp:54:13:[m[K [01;31m[Kerror: [m[K‘[01m[Kclass NavigationNode[m[K’ has no member named ‘[01m[Kget_logger[m[K’
   54 |       this->[01;31m[Kget_logger[m[K(),
      |             [01;31m[K^~~~~~~~~~[m[K
[01m[K/home/laszlo-koroleff/projects/QuadCode_ws/src/quad_navigation/src/nav_node.cpp:54:13:[m[K [01;31m[Kerror: [m[K‘[01m[Kclass NavigationNode[m[K’ has no member named ‘[01m[Kget_logger[m[K’
   54 |       this->[01;31m[Kget_logger[m[K(),
      |             [01;31m[K^~~~~~~~~~[m[K
[01m[K/home/laszlo-koroleff/projects/QuadCode_ws/src/quad_navigation/src/nav_node.cpp:[m[K In function ‘[01m[Kint[01;32m[K main[m[K(int, char**)[m[K’:
[01m[K/home/laszlo-koroleff/projects/QuadCode_ws/src/quad_navigation/src/nav_node.cpp:71:3:[m[K [01;31m[Kerror: [m[Kexpected primary-expression before ‘[01m[Krclcpp[m[K’
   71 |   [01;31m[Krclcpp[m[K::spin(node);
      |   [01;31m[K^~~~~~[m[K
gmake[2]: *** [CMakeFiles/nav_node.dir/build.make:76: CMakeFiles/nav_node.dir/src/nav_node.cpp.o] Error 1
gmake[1]: *** [CMakeFiles/Makefile2:137: CMakeFiles/nav_node.dir/all] Error 2
gmake: *** [Makefile:146: all] Error 2
