[0.012s] Invoking command in '/home/laszlo-koroleff/projects/QuadCode_ws/build/quad_navigation': CMAKE_PREFIX_PATH=${CMAKE_PREFIX_PATH}:/opt/ros/jazzy DEBUGINFOD_URLS=https://debuginfod.ubuntu.com /usr/bin/cmake /home/laszlo-koroleff/projects/QuadCode_ws/src/quad_navigation -DCMAKE_INSTALL_PREFIX=/home/laszlo-koroleff/projects/QuadCode_ws/install/quad_navigation
[0.083s] -- Found ament_cmake: 2.5.6 (/opt/ros/jazzy/share/ament_cmake/cmake)
[0.229s] -- Override CMake install command with custom implementation using symlinks instead of copying resources
[0.256s] -- Found rclcpp: 28.1.21 (/opt/ros/jazzy/share/rclcpp/cmake)
[0.405s] -- Found rosidl_generator_c: 4.6.9 (/opt/ros/jazzy/share/rosidl_generator_c/cmake)
[0.416s] -- Found rosidl_generator_cpp: 4.6.9 (/opt/ros/jazzy/share/rosidl_generator_cpp/cmake)
[0.431s] -- Using all available rosidl_typesupport_c: rosidl_typesupport_fastrtps_c;rosidl_typesupport_introspection_c
[0.447s] -- Using all available rosidl_typesupport_cpp: rosidl_typesupport_fastrtps_cpp;rosidl_typesupport_introspection_cpp
[0.517s] -- Found rmw_implementation_cmake: 7.3.3 (/opt/ros/jazzy/share/rmw_implementation_cmake/cmake)
[0.520s] -- Found rmw_fastrtps_cpp: 8.4.4 (/opt/ros/jazzy/share/rmw_fastrtps_cpp/cmake)
[0.707s] -- Using RMW implementation 'rmw_fastrtps_cpp' as default
[0.875s] -- Found geometry_msgs: 5.3.8 (/opt/ros/jazzy/share/geometry_msgs/cmake)
[0.910s] -- Found ament_lint_auto: 0.17.5 (/opt/ros/jazzy/share/ament_lint_auto/cmake)
[0.986s] -- Added test 'cppcheck' to perform static code analysis on C / C++ code
[0.986s] -- Configured cppcheck include dirs: $<BUILD_INTERFACE:/home/laszlo-koroleff/projects/QuadCode_ws/src/quad_navigation/include>
[0.986s] -- Configured cppcheck exclude dirs and/or files: 
[0.986s] -- Added test 'lint_cmake' to check CMake code style
[0.987s] -- Added test 'uncrustify' to check C / C++ code style
[0.988s] -- Configured uncrustify additional arguments: 
[0.988s] -- Added test 'xmllint' to check XML markup files
[0.991s] -- Configuring done (0.9s)
[1.009s] -- Generating done (0.0s)
[1.013s] -- Build files have been written to: /home/laszlo-koroleff/projects/QuadCode_ws/build/quad_navigation
[1.023s] Invoked command in '/home/laszlo-koroleff/projects/QuadCode_ws/build/quad_navigation' returned '0': CMAKE_PREFIX_PATH=${CMAKE_PREFIX_PATH}:/opt/ros/jazzy DEBUGINFOD_URLS=https://debuginfod.ubuntu.com /usr/bin/cmake /home/laszlo-koroleff/projects/QuadCode_ws/src/quad_navigation -DCMAKE_INSTALL_PREFIX=/home/laszlo-koroleff/projects/QuadCode_ws/install/quad_navigation
[1.024s] Invoking command in '/home/laszlo-koroleff/projects/QuadCode_ws/build/quad_navigation': CMAKE_PREFIX_PATH=${CMAKE_PREFIX_PATH}:/opt/ros/jazzy DEBUGINFOD_URLS=https://debuginfod.ubuntu.com /usr/bin/cmake --build /home/laszlo-koroleff/projects/QuadCode_ws/build/quad_navigation -- -j8 -l8
[1.086s] [ 50%] [32mBuilding CXX object CMakeFiles/nav_node.dir/src/nav_node.cpp.o[0m
[3.705s] [01m[K/home/laszlo-koroleff/projects/QuadCode_ws/src/quad_navigation/src/nav_node.cpp:13:1:[m[K [01;31m[Kerror: [m[Kexpected class-name before ‘[01m[K{[m[K’ token
[3.706s]    13 | [01;31m[K{[m[K
[3.706s]       | [01;31m[K^[m[K
[3.706s] [01m[K/home/laszlo-koroleff/projects/QuadCode_ws/src/quad_navigation/src/nav_node.cpp:[m[K In constructor ‘[01m[KNavigationNode::[01;32m[KNavigationNode[m[K()[m[K’:
[3.706s] [01m[K/home/laszlo-koroleff/projects/QuadCode_ws/src/quad_navigation/src/nav_node.cpp:16:7:[m[K [01;31m[Kerror: [m[Kclass ‘[01m[KNavigationNode[m[K’ does not have any field named ‘[01m[KNode[m[K’
[3.706s]    16 |     : [01;31m[KNode[m[K("navigation_node")
[3.706s]       |       [01;31m[K^~~~[m[K
[3.706s] [01m[K/home/laszlo-koroleff/projects/QuadCode_ws/src/quad_navigation/src/nav_node.cpp:19:15:[m[K [01;31m[Kerror: [m[K‘[01m[Kclass NavigationNode[m[K’ has no member named ‘[01m[Kcreate_publisher[m[K’
[3.706s]    19 |         this->[01;31m[Kcreate_publisher[m[K<geometry_msgs::msg::Twist>(
[3.706s]       |               [01;31m[K^~~~~~~~~~~~~~~~[m[K
[3.706s] [01m[K/home/laszlo-koroleff/projects/QuadCode_ws/src/quad_navigation/src/nav_node.cpp:19:57:[m[K [01;31m[Kerror: [m[Kexpected primary-expression before ‘[01m[K>[m[K’ token
[3.706s]    19 |         this->create_publisher<geometry_msgs::msg::Twist[01;31m[K>[m[K(
[3.706s]       |                                                         [01;31m[K^[m[K
[3.706s] [01m[K/home/laszlo-koroleff/projects/QuadCode_ws/src/quad_navigation/src/nav_node.cpp:20:11:[m[K [01;35m[Kwarning: [m[Kleft operand of comma operator has no effect [[01;35m[K-Wunused-value[m[K]
[3.706s]    20 |           [01;35m[K"/drone/cmd_vel"[m[K,
[3.706s]       |           [01;35m[K^~~~~~~~~~~~~~~~[m[K
[3.706s] [01m[K/home/laszlo-koroleff/projects/QuadCode_ws/src/quad_navigation/src/nav_node.cpp:24:7:[m[K [01;31m[Kerror: [m[K‘[01m[Ktimer_[m[K’ was not declared in this scope; did you mean ‘[01m[Ktimer_t[m[K’?
[3.706s]    24 |       [01;31m[Ktimer_[m[K = this->create_wall_timer(
[3.706s]       |       [01;31m[K^~~~~~[m[K
[3.706s]       |       [32m[Ktimer_t[m[K
[3.706s] [01m[K/home/laszlo-koroleff/projects/QuadCode_ws/src/quad_navigation/src/nav_node.cpp:24:22:[m[K [01;31m[Kerror: [m[K‘[01m[Kclass NavigationNode[m[K’ has no member named ‘[01m[Kcreate_wall_timer[m[K’
[3.706s]    24 |       timer_ = this->[01;31m[Kcreate_wall_timer[m[K(
[3.706s]       |                      [01;31m[K^~~~~~~~~~~~~~~~~[m[K
[3.706s] In file included from [01m[K/opt/ros/jazzy/include/rclcpp/rclcpp/copy_all_parameter_values.hpp:27[m[K,
[3.706s]                  from [01m[K/opt/ros/jazzy/include/rclcpp/rclcpp/rclcpp.hpp:175[m[K,
[3.706s]                  from [01m[K/home/laszlo-koroleff/projects/QuadCode_ws/src/quad_navigation/src/nav_node.cpp:4[m[K:
[3.706s] [01m[K/home/laszlo-koroleff/projects/QuadCode_ws/src/quad_navigation/src/nav_node.cpp:33:15:[m[K [01;31m[Kerror: [m[K‘[01m[Kclass NavigationNode[m[K’ has no member named ‘[01m[Kget_logger[m[K’
[3.706s]    33 |         this->[01;31m[Kget_logger[m[K(),
[3.707s]       |               [01;31m[K^~~~~~~~~~[m[K
[3.707s] [01m[K/home/laszlo-koroleff/projects/QuadCode_ws/src/quad_navigation/src/nav_node.cpp:33:15:[m[K [01;31m[Kerror: [m[K‘[01m[Kclass NavigationNode[m[K’ has no member named ‘[01m[Kget_logger[m[K’
[3.707s] [01m[K/home/laszlo-koroleff/projects/QuadCode_ws/src/quad_navigation/src/nav_node.cpp:32:7:[m[K [01;31m[Kerror: [m[Ktemplate argument 1 is invalid
[3.707s]    32 |       [01;31m[KRCLCPP_INFO[m[K(
[3.707s]       |       [01;31m[K^~~~~~~~~~~[m[K
[3.707s] In file included from [01m[K/opt/ros/jazzy/include/rclcpp/rclcpp/logging.hpp:24[m[K:
[3.707s] [01m[K/home/laszlo-koroleff/projects/QuadCode_ws/src/quad_navigation/src/nav_node.cpp:33:15:[m[K [01;31m[Kerror: [m[K‘[01m[Kclass NavigationNode[m[K’ has no member named ‘[01m[Kget_logger[m[K’
[3.707s]    33 |         this->[01;31m[Kget_logger[m[K(),
[3.707s]       |               [01;31m[K^~~~~~~~~~[m[K
[3.707s] [01m[K/home/laszlo-koroleff/projects/QuadCode_ws/src/quad_navigation/src/nav_node.cpp:33:15:[m[K [01;31m[Kerror: [m[K‘[01m[Kclass NavigationNode[m[K’ has no member named ‘[01m[Kget_logger[m[K’
[3.707s]    33 |         this->[01;31m[Kget_logger[m[K(),
[3.707s]       |               [01;31m[K^~~~~~~~~~[m[K
[3.707s] [01m[K/home/laszlo-koroleff/projects/QuadCode_ws/src/quad_navigation/src/nav_node.cpp:[m[K In member function ‘[01m[Kvoid NavigationNode::[01;32m[Kpublish_velocity_command[m[K()[m[K’:
[3.707s] [01m[K/home/laszlo-koroleff/projects/QuadCode_ws/src/quad_navigation/src/nav_node.cpp:54:13:[m[K [01;31m[Kerror: [m[K‘[01m[Kclass NavigationNode[m[K’ has no member named ‘[01m[Kget_logger[m[K’
[3.707s]    54 |       this->[01;31m[Kget_logger[m[K(),
[3.707s]       |             [01;31m[K^~~~~~~~~~[m[K
[3.707s] [01m[K/home/laszlo-koroleff/projects/QuadCode_ws/src/quad_navigation/src/nav_node.cpp:54:13:[m[K [01;31m[Kerror: [m[K‘[01m[Kclass NavigationNode[m[K’ has no member named ‘[01m[Kget_logger[m[K’
[3.707s] [01m[K/home/laszlo-koroleff/projects/QuadCode_ws/src/quad_navigation/src/nav_node.cpp:53:5:[m[K [01;31m[Kerror: [m[Ktemplate argument 1 is invalid
[3.707s]    53 |     [01;31m[KRCLCPP_INFO[m[K(
[3.708s]       |     [01;31m[K^~~~~~~~~~~[m[K
[3.708s] [01m[K/home/laszlo-koroleff/projects/QuadCode_ws/src/quad_navigation/src/nav_node.cpp:54:13:[m[K [01;31m[Kerror: [m[K‘[01m[Kclass NavigationNode[m[K’ has no member named ‘[01m[Kget_logger[m[K’
[3.708s]    54 |       this->[01;31m[Kget_logger[m[K(),
[3.708s]       |             [01;31m[K^~~~~~~~~~[m[K
[3.708s] [01m[K/home/laszlo-koroleff/projects/QuadCode_ws/src/quad_navigation/src/nav_node.cpp:54:13:[m[K [01;31m[Kerror: [m[K‘[01m[Kclass NavigationNode[m[K’ has no member named ‘[01m[Kget_logger[m[K’
[3.708s]    54 |       this->[01;31m[Kget_logger[m[K(),
[3.708s]       |             [01;31m[K^~~~~~~~~~[m[K
[3.708s] [01m[K/home/laszlo-koroleff/projects/QuadCode_ws/src/quad_navigation/src/nav_node.cpp:[m[K In function ‘[01m[Kint[01;32m[K main[m[K(int, char**)[m[K’:
[3.708s] [01m[K/home/laszlo-koroleff/projects/QuadCode_ws/src/quad_navigation/src/nav_node.cpp:71:3:[m[K [01;31m[Kerror: [m[Kexpected primary-expression before ‘[01m[Krclcpp[m[K’
[3.708s]    71 |   [01;31m[Krclcpp[m[K::spin(node);
[3.708s]       |   [01;31m[K^~~~~~[m[K
[3.708s] gmake[2]: *** [CMakeFiles/nav_node.dir/build.make:76: CMakeFiles/nav_node.dir/src/nav_node.cpp.o] Error 1
[3.708s] gmake[1]: *** [CMakeFiles/Makefile2:137: CMakeFiles/nav_node.dir/all] Error 2
[3.708s] gmake: *** [Makefile:146: all] Error 2
[3.711s] Invoked command in '/home/laszlo-koroleff/projects/QuadCode_ws/build/quad_navigation' returned '2': CMAKE_PREFIX_PATH=${CMAKE_PREFIX_PATH}:/opt/ros/jazzy DEBUGINFOD_URLS=https://debuginfod.ubuntu.com /usr/bin/cmake --build /home/laszlo-koroleff/projects/QuadCode_ws/build/quad_navigation -- -j8 -l8
