[01m[K/home/laszlo-koroleff/projects/QuadCode_ws/src/quad_navigation/src/nav_node.cpp:37:2:[m[K [01;31m[Kerror: [m[Kexpected ‘[01m[K;[m[K’ after class definition
   37 | }
      |  [01;31m[K^[m[K
      |  [32m[K;[m[K
[01m[K/home/laszlo-koroleff/projects/QuadCode_ws/src/quad_navigation/src/nav_node.cpp:[m[K In constructor ‘[01m[KNavigationNode::[01;32m[KNavigationNode[m[K()[m[K’:
[01m[K/home/laszlo-koroleff/projects/QuadCode_ws/src/quad_navigation/src/nav_node.cpp:18:7:[m[K [01;31m[Kerror: [m[K‘[01m[Kvelocity_publisher_[m[K’ was not declared in this scope; did you mean ‘[01m[Kcount_publishers[m[K’?
   18 |       [01;31m[Kvelocity_publisher_[m[K =
      |       [01;31m[K^~~~~~~~~~~~~~~~~~~[m[K
      |       [32m[Kcount_publishers[m[K
[01m[K/home/laszlo-koroleff/projects/QuadCode_ws/src/quad_navigation/src/nav_node.cpp:24:7:[m[K [01;31m[Kerror: [m[K‘[01m[Ktimer_[m[K’ was not declared in this scope; did you mean ‘[01m[Ktimer_t[m[K’?
   24 |       [01;31m[Ktimer_[m[K = this->create_wall_timer(
      |       [01;31m[K^~~~~~[m[K
      |       [32m[Ktimer_t[m[K
[01m[K/home/laszlo-koroleff/projects/QuadCode_ws/src/quad_navigation/src/nav_node.cpp:[m[K In lambda function:
[01m[K/home/laszlo-koroleff/projects/QuadCode_ws/src/quad_navigation/src/nav_node.cpp:28:13:[m[K [01;31m[Kerror: [m[K‘[01m[Kpublish_velocity_command[m[K’ was not declared in this scope
   28 |             [01;31m[Kpublish_velocity_command[m[K();
      |             [01;31m[K^~~~~~~~~~~~~~~~~~~~~~~~[m[K
[01m[K/home/laszlo-koroleff/projects/QuadCode_ws/src/quad_navigation/src/nav_node.cpp:[m[K At global scope:
[01m[K/home/laszlo-koroleff/projects/QuadCode_ws/src/quad_navigation/src/nav_node.cpp:38:1:[m[K [01;31m[Kerror: [m[Kexpected unqualified-id before ‘[01m[Kprivate[m[K’
   38 | [01;31m[Kprivate[m[K:
      | [01;31m[K^~~~~~~[m[K
[01m[K/home/laszlo-koroleff/projects/QuadCode_ws/src/quad_navigation/src/nav_node.cpp:62:1:[m[K [01;31m[Kerror: [m[Kexpected declaration before ‘[01m[K}[m[K’ token
   62 | [01;31m[K}[m[K;
      | [01;31m[K^[m[K
[01m[K/home/laszlo-koroleff/projects/QuadCode_ws/src/quad_navigation/src/nav_node.cpp:[m[K In function ‘[01m[Kint[01;32m[K main[m[K(int, char**)[m[K’:
[01m[K/home/laszlo-koroleff/projects/QuadCode_ws/src/quad_navigation/src/nav_node.cpp:71:3:[m[K [01;31m[Kerror: [m[Kexpected primary-expression before ‘[01m[Krclcpp[m[K’
   71 |   [01;31m[Krclcpp[m[K::spin(node);
      |   [01;31m[K^~~~~~[m[K
gmake[2]: *** [CMakeFiles/nav_node.dir/build.make:76: CMakeFiles/nav_node.dir/src/nav_node.cpp.o] Error 1
gmake[1]: *** [CMakeFiles/Makefile2:137: CMakeFiles/nav_node.dir/all] Error 2
gmake: *** [Makefile:146: all] Error 2
