[0.008s] Invoking command in '/home/laszlo-koroleff/projects/QuadCode_ws/build/quad_navigation': CMAKE_PREFIX_PATH=${CMAKE_PREFIX_PATH}:/opt/ros/jazzy DEBUGINFOD_URLS=https://debuginfod.ubuntu.com /usr/bin/cmake --build /home/laszlo-koroleff/projects/QuadCode_ws/build/quad_navigation -- -j8 -l8
[0.059s] [ 50%] [32mBuilding CXX object CMakeFiles/nav_node.dir/src/nav_node.cpp.o[0m
[2.546s] [01m[K/home/laszlo-koroleff/projects/QuadCode_ws/src/quad_navigation/src/nav_node.cpp:37:2:[m[K [01;31m[Kerror: [m[Kexpected ‘[01m[K;[m[K’ after class definition
[2.546s]    37 | }
[2.546s]       |  [01;31m[K^[m[K
[2.546s]       |  [32m[K;[m[K
[2.546s] [01m[K/home/laszlo-koroleff/projects/QuadCode_ws/src/quad_navigation/src/nav_node.cpp:[m[K In constructor ‘[01m[KNavigationNode::[01;32m[KNavigationNode[m[K()[m[K’:
[2.546s] [01m[K/home/laszlo-koroleff/projects/QuadCode_ws/src/quad_navigation/src/nav_node.cpp:18:7:[m[K [01;31m[Kerror: [m[K‘[01m[Kvelocity_publisher_[m[K’ was not declared in this scope; did you mean ‘[01m[Kcount_publishers[m[K’?
[2.546s]    18 |       [01;31m[Kvelocity_publisher_[m[K =
[2.547s]       |       [01;31m[K^~~~~~~~~~~~~~~~~~~[m[K
[2.547s]       |       [32m[Kcount_publishers[m[K
[2.547s] [01m[K/home/laszlo-koroleff/projects/QuadCode_ws/src/quad_navigation/src/nav_node.cpp:24:7:[m[K [01;31m[Kerror: [m[K‘[01m[Ktimer_[m[K’ was not declared in this scope; did you mean ‘[01m[Ktimer_t[m[K’?
[2.547s]    24 |       [01;31m[Ktimer_[m[K = this->create_wall_timer(
[2.547s]       |       [01;31m[K^~~~~~[m[K
[2.547s]       |       [32m[Ktimer_t[m[K
[2.547s] [01m[K/home/laszlo-koroleff/projects/QuadCode_ws/src/quad_navigation/src/nav_node.cpp:[m[K In lambda function:
[2.547s] [01m[K/home/laszlo-koroleff/projects/QuadCode_ws/src/quad_navigation/src/nav_node.cpp:28:13:[m[K [01;31m[Kerror: [m[K‘[01m[Kpublish_velocity_command[m[K’ was not declared in this scope
[2.547s]    28 |             [01;31m[Kpublish_velocity_command[m[K();
[2.547s]       |             [01;31m[K^~~~~~~~~~~~~~~~~~~~~~~~[m[K
[2.547s] [01m[K/home/laszlo-koroleff/projects/QuadCode_ws/src/quad_navigation/src/nav_node.cpp:[m[K At global scope:
[2.547s] [01m[K/home/laszlo-koroleff/projects/QuadCode_ws/src/quad_navigation/src/nav_node.cpp:38:1:[m[K [01;31m[Kerror: [m[Kexpected unqualified-id before ‘[01m[Kprivate[m[K’
[2.547s]    38 | [01;31m[Kprivate[m[K:
[2.547s]       | [01;31m[K^~~~~~~[m[K
[2.547s] [01m[K/home/laszlo-koroleff/projects/QuadCode_ws/src/quad_navigation/src/nav_node.cpp:62:1:[m[K [01;31m[Kerror: [m[Kexpected declaration before ‘[01m[K}[m[K’ token
[2.547s]    62 | [01;31m[K}[m[K;
[2.547s]       | [01;31m[K^[m[K
[2.547s] [01m[K/home/laszlo-koroleff/projects/QuadCode_ws/src/quad_navigation/src/nav_node.cpp:[m[K In function ‘[01m[Kint[01;32m[K main[m[K(int, char**)[m[K’:
[2.547s] [01m[K/home/laszlo-koroleff/projects/QuadCode_ws/src/quad_navigation/src/nav_node.cpp:71:3:[m[K [01;31m[Kerror: [m[Kexpected primary-expression before ‘[01m[Krclcpp[m[K’
[2.547s]    71 |   [01;31m[Krclcpp[m[K::spin(node);
[2.548s]       |   [01;31m[K^~~~~~[m[K
[2.548s] gmake[2]: *** [CMakeFiles/nav_node.dir/build.make:76: CMakeFiles/nav_node.dir/src/nav_node.cpp.o] Error 1
[2.548s] gmake[1]: *** [CMakeFiles/Makefile2:137: CMakeFiles/nav_node.dir/all] Error 2
[2.548s] gmake: *** [Makefile:146: all] Error 2
[2.549s] Invoked command in '/home/laszlo-koroleff/projects/QuadCode_ws/build/quad_navigation' returned '2': CMAKE_PREFIX_PATH=${CMAKE_PREFIX_PATH}:/opt/ros/jazzy DEBUGINFOD_URLS=https://debuginfod.ubuntu.com /usr/bin/cmake --build /home/laszlo-koroleff/projects/QuadCode_ws/build/quad_navigation -- -j8 -l8
