[0.012s] Invoking command in '/home/laszlo-koroleff/projects/QuadCode_ws/build/quad_navigation': CMAKE_PREFIX_PATH=${CMAKE_PREFIX_PATH}:/opt/ros/jazzy DEBUGINFOD_URLS=https://debuginfod.ubuntu.com /usr/bin/cmake --build /home/laszlo-koroleff/projects/QuadCode_ws/build/quad_navigation -- -j8 -l8
[0.171s] [100%] Built target nav_node
[0.178s] Invoked command in '/home/laszlo-koroleff/projects/QuadCode_ws/build/quad_navigation' returned '0': CMAKE_PREFIX_PATH=${CMAKE_PREFIX_PATH}:/opt/ros/jazzy DEBUGINFOD_URLS=https://debuginfod.ubuntu.com /usr/bin/cmake --build /home/laszlo-koroleff/projects/QuadCode_ws/build/quad_navigation -- -j8 -l8
[0.184s] Invoking command in '/home/laszlo-koroleff/projects/QuadCode_ws/build/quad_navigation': CMAKE_PREFIX_PATH=${CMAKE_PREFIX_PATH}:/opt/ros/jazzy DEBUGINFOD_URLS=https://debuginfod.ubuntu.com /usr/bin/cmake --install /home/laszlo-koroleff/projects/QuadCode_ws/build/quad_navigation
[0.189s] -- Install configuration: ""
[0.190s] -- Execute custom install script
[0.190s] -- Up-to-date symlink: /home/laszlo-koroleff/projects/QuadCode_ws/install/quad_navigation/lib/quad_navigation/nav_node
[0.191s] -- Up-to-date symlink: /home/laszlo-koroleff/projects/QuadCode_ws/install/quad_navigation/share/ament_index/resource_index/package_run_dependencies/quad_navigation
[0.191s] -- Up-to-date symlink: /home/laszlo-koroleff/projects/QuadCode_ws/install/quad_navigation/share/ament_index/resource_index/parent_prefix_path/quad_navigation
[0.191s] -- Up-to-date symlink: /home/laszlo-koroleff/projects/QuadCode_ws/install/quad_navigation/share/quad_navigation/environment/ament_prefix_path.sh
[0.192s] -- Up-to-date symlink: /home/laszlo-koroleff/projects/QuadCode_ws/install/quad_navigation/share/quad_navigation/environment/ament_prefix_path.dsv
[0.192s] -- Up-to-date symlink: /home/laszlo-koroleff/projects/QuadCode_ws/install/quad_navigation/share/quad_navigation/environment/path.sh
[0.192s] -- Up-to-date symlink: /home/laszlo-koroleff/projects/QuadCode_ws/install/quad_navigation/share/quad_navigation/environment/path.dsv
[0.193s] -- Up-to-date symlink: /home/laszlo-koroleff/projects/QuadCode_ws/install/quad_navigation/share/quad_navigation/local_setup.bash
[0.193s] -- Up-to-date symlink: /home/laszlo-koroleff/projects/QuadCode_ws/install/quad_navigation/share/quad_navigation/local_setup.sh
[0.193s] -- Up-to-date symlink: /home/laszlo-koroleff/projects/QuadCode_ws/install/quad_navigation/share/quad_navigation/local_setup.zsh
[0.194s] -- Up-to-date symlink: /home/laszlo-koroleff/projects/QuadCode_ws/install/quad_navigation/share/quad_navigation/local_setup.dsv
[0.194s] -- Symlinking: /home/laszlo-koroleff/projects/QuadCode_ws/install/quad_navigation/share/quad_navigation/package.dsv
[0.199s] -- Up-to-date symlink: /home/laszlo-koroleff/projects/QuadCode_ws/install/quad_navigation/share/ament_index/resource_index/packages/quad_navigation
[0.200s] -- Up-to-date symlink: /home/laszlo-koroleff/projects/QuadCode_ws/install/quad_navigation/share/quad_navigation/cmake/quad_navigationConfig.cmake
[0.200s] -- Up-to-date symlink: /home/laszlo-koroleff/projects/QuadCode_ws/install/quad_navigation/share/quad_navigation/cmake/quad_navigationConfig-version.cmake
[0.200s] -- Up-to-date symlink: /home/laszlo-koroleff/projects/QuadCode_ws/install/quad_navigation/share/quad_navigation/package.xml
[0.201s] Invoked command in '/home/laszlo-koroleff/projects/QuadCode_ws/build/quad_navigation' returned '0': CMAKE_PREFIX_PATH=${CMAKE_PREFIX_PATH}:/opt/ros/jazzy DEBUGINFOD_URLS=https://debuginfod.ubuntu.com /usr/bin/cmake --install /home/laszlo-koroleff/projects/QuadCode_ws/build/quad_navigation
